Archive member included to satisfy reference by file (symbol)

/opt/st/stm32cubeide_1.3.0/plugins/com.st.stm32cube.ide.mcu.externaltools.gnu-tools-for-stm32.7-2018-q2-update.linux64_1.5.0.202011040924/tools/bin/../lib/gcc/arm-none-eabi/7.3.1/../../../../arm-none-eabi/lib/thumb/v7e-m/fpv4-sp/hard/libc_nano.a(lib_a-errno.o)
                              Core/Src/syscalls.o (__errno)
/opt/st/stm32cubeide_1.3.0/plugins/com.st.stm32cube.ide.mcu.externaltools.gnu-tools-for-stm32.7-2018-q2-update.linux64_1.5.0.202011040924/tools/bin/../lib/gcc/arm-none-eabi/7.3.1/../../../../arm-none-eabi/lib/thumb/v7e-m/fpv4-sp/hard/libc_nano.a(lib_a-exit.o)
                              /opt/st/stm32cubeide_1.3.0/plugins/com.st.stm32cube.ide.mcu.externaltools.gnu-tools-for-stm32.7-2018-q2-update.linux64_1.5.0.202011040924/tools/bin/../lib/gcc/arm-none-eabi/7.3.1/../../../../arm-none-eabi/lib/thumb/v7e-m/fpv4-sp/hard/crt0.o (exit)
/opt/st/stm32cubeide_1.3.0/plugins/com.st.stm32cube.ide.mcu.externaltools.gnu-tools-for-stm32.7-2018-q2-update.linux64_1.5.0.202011040924/tools/bin/../lib/gcc/arm-none-eabi/7.3.1/../../../../arm-none-eabi/lib/thumb/v7e-m/fpv4-sp/hard/libc_nano.a(lib_a-impure.o)
                              /opt/st/stm32cubeide_1.3.0/plugins/com.st.stm32cube.ide.mcu.externaltools.gnu-tools-for-stm32.7-2018-q2-update.linux64_1.5.0.202011040924/tools/bin/../lib/gcc/arm-none-eabi/7.3.1/../../../../arm-none-eabi/lib/thumb/v7e-m/fpv4-sp/hard/libc_nano.a(lib_a-exit.o) (_global_impure_ptr)
/opt/st/stm32cubeide_1.3.0/plugins/com.st.stm32cube.ide.mcu.externaltools.gnu-tools-for-stm32.7-2018-q2-update.linux64_1.5.0.202011040924/tools/bin/../lib/gcc/arm-none-eabi/7.3.1/../../../../arm-none-eabi/lib/thumb/v7e-m/fpv4-sp/hard/libc_nano.a(lib_a-init.o)
                              /opt/st/stm32cubeide_1.3.0/plugins/com.st.stm32cube.ide.mcu.externaltools.gnu-tools-for-stm32.7-2018-q2-update.linux64_1.5.0.202011040924/tools/bin/../lib/gcc/arm-none-eabi/7.3.1/../../../../arm-none-eabi/lib/thumb/v7e-m/fpv4-sp/hard/crt0.o (__libc_init_array)
/opt/st/stm32cubeide_1.3.0/plugins/com.st.stm32cube.ide.mcu.externaltools.gnu-tools-for-stm32.7-2018-q2-update.linux64_1.5.0.202011040924/tools/bin/../lib/gcc/arm-none-eabi/7.3.1/../../../../arm-none-eabi/lib/thumb/v7e-m/fpv4-sp/hard/libc_nano.a(lib_a-memset.o)
                              /opt/st/stm32cubeide_1.3.0/plugins/com.st.stm32cube.ide.mcu.externaltools.gnu-tools-for-stm32.7-2018-q2-update.linux64_1.5.0.202011040924/tools/bin/../lib/gcc/arm-none-eabi/7.3.1/../../../../arm-none-eabi/lib/thumb/v7e-m/fpv4-sp/hard/crt0.o (memset)
/opt/st/stm32cubeide_1.3.0/plugins/com.st.stm32cube.ide.mcu.externaltools.gnu-tools-for-stm32.7-2018-q2-update.linux64_1.5.0.202011040924/tools/bin/../lib/gcc/arm-none-eabi/7.3.1/../../../../arm-none-eabi/lib/thumb/v7e-m/fpv4-sp/hard/libc_nano.a(lib_a-nano-vfprintf_float.o)
                              (_printf_float)
/opt/st/stm32cubeide_1.3.0/plugins/com.st.stm32cube.ide.mcu.externaltools.gnu-tools-for-stm32.7-2018-q2-update.linux64_1.5.0.202011040924/tools/bin/../lib/gcc/arm-none-eabi/7.3.1/../../../../arm-none-eabi/lib/thumb/v7e-m/fpv4-sp/hard/libc_nano.a(lib_a-nano-vfprintf_i.o)
                              /opt/st/stm32cubeide_1.3.0/plugins/com.st.stm32cube.ide.mcu.externaltools.gnu-tools-for-stm32.7-2018-q2-update.linux64_1.5.0.202011040924/tools/bin/../lib/gcc/arm-none-eabi/7.3.1/../../../../arm-none-eabi/lib/thumb/v7e-m/fpv4-sp/hard/libc_nano.a(lib_a-nano-vfprintf_float.o) (_printf_common)
/opt/st/stm32cubeide_1.3.0/plugins/com.st.stm32cube.ide.mcu.externaltools.gnu-tools-for-stm32.7-2018-q2-update.linux64_1.5.0.202011040924/tools/bin/../lib/gcc/arm-none-eabi/7.3.1/../../../../arm-none-eabi/lib/thumb/v7e-m/fpv4-sp/hard/libc_nano.a(lib_a-printf.o)
                              Core/Src/lcd_funcs.o (printf)
/opt/st/stm32cubeide_1.3.0/plugins/com.st.stm32cube.ide.mcu.externaltools.gnu-tools-for-stm32.7-2018-q2-update.linux64_1.5.0.202011040924/tools/bin/../lib/gcc/arm-none-eabi/7.3.1/../../../../arm-none-eabi/lib/thumb/v7e-m/fpv4-sp/hard/libc_nano.a(lib_a-puts.o)
                              Core/Src/lcd_funcs.o (puts)
/opt/st/stm32cubeide_1.3.0/plugins/com.st.stm32cube.ide.mcu.externaltools.gnu-tools-for-stm32.7-2018-q2-update.linux64_1.5.0.202011040924/tools/bin/../lib/gcc/arm-none-eabi/7.3.1/../../../../arm-none-eabi/lib/thumb/v7e-m/fpv4-sp/hard/libc_nano.a(lib_a-strlen.o)
                              /opt/st/stm32cubeide_1.3.0/plugins/com.st.stm32cube.ide.mcu.externaltools.gnu-tools-for-stm32.7-2018-q2-update.linux64_1.5.0.202011040924/tools/bin/../lib/gcc/arm-none-eabi/7.3.1/../../../../arm-none-eabi/lib/thumb/v7e-m/fpv4-sp/hard/libc_nano.a(lib_a-nano-vfprintf_float.o) (strlen)
/opt/st/stm32cubeide_1.3.0/plugins/com.st.stm32cube.ide.mcu.externaltools.gnu-tools-for-stm32.7-2018-q2-update.linux64_1.5.0.202011040924/tools/bin/../lib/gcc/arm-none-eabi/7.3.1/../../../../arm-none-eabi/lib/thumb/v7e-m/fpv4-sp/hard/libc_nano.a(lib_a-wbuf.o)
[...]
Memory Configuration

Name             Origin             Length             Attributes
CCMRAM           0x0000000010000000 0x0000000000010000 xrw
RAM              0x0000000020000000 0x0000000000030000 xrw
FLASH            0x0000000008000000 0x0000000000200000 xr
*default*        0x0000000000000000 0xffffffffffffffff

Linker script and memory map

LOAD /opt/st/stm32cubeide_1.3.0/plugins/com.st.stm32cube.ide.mcu.externaltools.gnu-tools-for-stm32.7-2018-q2-update.linux64_1.5.0.202011040924/tools/bin/../lib/gcc/arm-none-eabi/7.3.1/thumb/v7e-m/fpv4-sp/hard/crti.o
LOAD /opt/st/stm32cubeide_1.3.0/plugins/com.st.stm32cube.ide.mcu.externaltools.gnu-tools-for-stm32.7-2018-q2-update.linux64_1.5.0.202011040924/tools/bin/../lib/gcc/arm-none-eabi/7.3.1/thumb/v7e-m/fpv4-sp/hard/crtbegin.o
LOAD /opt/st/stm32cubeide_1.3.0/plugins/com.st.stm32cube.ide.mcu.externaltools.gnu-tools-for-stm32.7-2018-q2-update.linux64_1.5.0.202011040924/tools/bin/../lib/gcc/arm-none-eabi/7.3.1/../../../../arm-none-eabi/lib/thumb/v7e-m/fpv4-sp/hard/crt0.o
LOAD Core/Src/file_read.o
LOAD Core/Src/lcd_funcs.o
LOAD Core/Src/main.o
LOAD Core/Src/stm32f4xx_hal_msp.o
LOAD Core/Src/stm32f4xx_it.o
LOAD Core/Src/syscalls.o
LOAD Core/Src/sysmem.o
LOAD Core/Src/system_stm32f4xx.o
LOAD Core/Startup/startup_stm32f429zitx.o
LOAD Drivers/STM32F4xx_HAL_Driver/Src/stm32f4xx_hal.o
LOAD Drivers/STM32F4xx_HAL_Driver/Src/stm32f4xx_hal_cortex.o
LOAD Drivers/STM32F4xx_HAL_Driver/Src/stm32f4xx_hal_dac.o
LOAD Drivers/STM32F4xx_HAL_Driver/Src/stm32f4xx_hal_dac_ex.o
LOAD Drivers/STM32F4xx_HAL_Driver/Src/stm32f4xx_hal_dma.o
LOAD Drivers/STM32F4xx_HAL_Driver/Src/stm32f4xx_hal_dma_ex.o
LOAD Drivers/STM32F4xx_HAL_Driver/Src/stm32f4xx_hal_exti.o
LOAD Drivers/STM32F4xx_HAL_Driver/Src/stm32f4xx_hal_flash.o
LOAD Drivers/STM32F4xx_HAL_Driver/Src/stm32f4xx_hal_flash_ex.o
LOAD Drivers/STM32F4xx_HAL_Driver/Src/stm32f4xx_hal_flash_ramfunc.o
LOAD Drivers/STM32F4xx_HAL_Driver/Src/stm32f4xx_hal_gpio.o
LOAD Drivers/STM32F4xx_HAL_Driver/Src/stm32f4xx_hal_pwr.o
LOAD Drivers/STM32F4xx_HAL_Driver/Src/stm32f4xx_hal_pwr_ex.o
LOAD Drivers/STM32F4xx_HAL_Driver/Src/stm32f4xx_hal_rcc.o
LOAD Drivers/STM32F4xx_HAL_Driver/Src/stm32f4xx_hal_rcc_ex.o
LOAD Drivers/STM32F4xx_HAL_Driver/Src/stm32f4xx_hal_sd.o
LOAD Drivers/STM32F4xx_HAL_Driver/Src/stm32f4xx_hal_spi.o
LOAD Drivers/STM32F4xx_HAL_Driver/Src/stm32f4xx_hal_tim.o
LOAD Drivers/STM32F4xx_HAL_Driver/Src/stm32f4xx_hal_tim_ex.o
LOAD Drivers/STM32F4xx_HAL_Driver/Src/stm32f4xx_hal_uart.o
LOAD Drivers/STM32F4xx_HAL_Driver/Src/stm32f4xx_ll_sdmmc.o
LOAD FATFS/App/fatfs.o
LOAD FATFS/Target/bsp_driver_sd.o
LOAD FATFS/Target/sd_diskio.o
LOAD FATFS/Target/user_diskio_spi.o
LOAD Middlewares/Third_Party/FatFs/src/diskio.o
LOAD Middlewares/Third_Party/FatFs/src/ff.o
LOAD Middlewares/Third_Party/FatFs/src/ff_gen_drv.o
LOAD Middlewares/Third_Party/FatFs/src/option/ccsbcs.o
LOAD Middlewares/Third_Party/FatFs/src/option/syscall.o
START GROUP
LOAD /opt/st/stm32cubeide_1.3.0/plugins/com.st.stm32cube.ide.mcu.externaltools.gnu-tools-for-stm32.7-2018-q2-update.linux64_1.5.0.202011040924/tools/bin/../lib/gcc/arm-none-eabi/7.3.1/../../../../arm-none-eabi/lib/thumb/v7e-m/fpv4-sp/hard/libc_nano.a
LOAD /opt/st/stm32cubeide_1.3.0/plugins/com.st.stm32cube.ide.mcu.externaltools.gnu-tools-for-stm32.7-2018-q2-update.linux64_1.5.0.202011040924/tools/bin/../lib/gcc/arm-none-eabi/7.3.1/../../../../arm-none-eabi/lib/thumb/v7e-m/fpv4-sp/hard/libm.a
END GROUP
START GROUP
LOAD /opt/st/stm32cubeide_1.3.0/plugins/com.st.stm32cube.ide.mcu.externaltools.gnu-tools-for-stm32.7-2018-q2-update.linux64_1.5.0.202011040924/tools/bin/../lib/gcc/arm-none-eabi/7.3.1/thumb/v7e-m/fpv4-sp/hard/libgcc.a
LOAD /opt/st/stm32cubeide_1.3.0/plugins/com.st.stm32cube.ide.mcu.externaltools.gnu-tools-for-stm32.7-2018-q2-update.linux64_1.5.0.202011040924/tools/bin/../lib/gcc/arm-none-eabi/7.3.1/../../../../arm-none-eabi/lib/thumb/v7e-m/fpv4-sp/hard/libc_nano.a
END GROUP
START GROUP
LOAD /opt/st/stm32cubeide_1.3.0/plugins/com.st.stm32cube.ide.mcu.externaltools.gnu-tools-for-stm32.7-2018-q2-update.linux64_1.5.0.202011040924/tools/bin/../lib/gcc/arm-none-eabi/7.3.1/thumb/v7e-m/fpv4-sp/hard/libgcc.a
LOAD /opt/st/stm32cubeide_1.3.0/plugins/com.st.stm32cube.ide.mcu.externaltools.gnu-tools-for-stm32.7-2018-q2-update.linux64_1.5.0.202011040924/tools/bin/../lib/gcc/arm-none-eabi/7.3.1/../../../../arm-none-eabi/lib/thumb/v7e-m/fpv4-sp/hard/libc_nano.a
LOAD /opt/st/stm32cubeide_1.3.0/plugins/com.st.stm32cube.ide.mcu.externaltools.gnu-tools-for-stm32.7-2018-q2-update.linux64_1.5.0.202011040924/tools/bin/../lib/gcc/arm-none-eabi/7.3.1/../../../../arm-none-eabi/lib/thumb/v7e-m/fpv4-sp/hard/libnosys.a
END GROUP
START GROUP
LOAD /opt/st/stm32cubeide_1.3.0/plugins/com.st.stm32cube.ide.mcu.externaltools.gnu-tools-for-stm32.7-2018-q2-update.linux64_1.5.0.202011040924/tools/bin/../lib/gcc/arm-none-eabi/7.3.1/thumb/v7e-m/fpv4-sp/hard/libgcc.a
LOAD /opt/st/stm32cubeide_1.3.0/plugins/com.st.stm32cube.ide.mcu.externaltools.gnu-tools-for-stm32.7-2018-q2-update.linux64_1.5.0.202011040924/tools/bin/../lib/gcc/arm-none-eabi/7.3.1/../../../../arm-none-eabi/lib/thumb/v7e-m/fpv4-sp/hard/libc_nano.a
LOAD /opt/st/stm32cubeide_1.3.0/plugins/com.st.stm32cube.ide.mcu.externaltools.gnu-tools-for-stm32.7-2018-q2-update.linux64_1.5.0.202011040924/tools/bin/../lib/gcc/arm-none-eabi/7.3.1/../../../../arm-none-eabi/lib/thumb/v7e-m/fpv4-sp/hard/libnosys.a
END GROUP
LOAD /opt/st/stm32cubeide_1.3.0/plugins/com.st.stm32cube.ide.mcu.externaltools.gnu-tools-for-stm32.7-2018-q2-update.linux64_1.5.0.202011040924/tools/bin/../lib/gcc/arm-none-eabi/7.3.1/thumb/v7e-m/fpv4-sp/hard/crtend.o
LOAD /opt/st/stm32cubeide_1.3.0/plugins/com.st.stm32cube.ide.mcu.externaltools.gnu-tools-for-stm32.7-2018-q2-update.linux64_1.5.0.202011040924/tools/bin/../lib/gcc/arm-none-eabi/7.3.1/thumb/v7e-m/fpv4-sp/hard/crtn.o
                0x0000000020030000                _estack = (ORIGIN (RAM) + LENGTH (RAM))
                0x0000000000000200                _Min_Heap_Size = 0x200
                0x0000000000000400                _Min_Stack_Size = 0x400

.isr_vector     0x0000000008000000      0x1ac
                0x0000000008000000                . = ALIGN (0x4)
 *(.isr_vector)
 .isr_vector    0x0000000008000000      0x1ac Core/Startup/startup_stm32f429zitx.o
                0x0000000008000000                g_pfnVectors
                0x00000000080001ac                . = ALIGN (0x4)

.ccmram         0x0000000010000000     0x2398
                0x0000000010000000                . = ALIGN (0x4)
                0x0000000010000000                _sccmram = .
 *(.ccmram)
 .ccmram        0x0000000010000000     0x2398 Core/Src/main.o
                0x0000000010000000                audiocounter
                0x0000000010000004                audbuffer
                0x0000000010000804                buffer
 *(.ccmram*)
                0x0000000010002398                . = ALIGN (0x4)
                0x0000000010002398                _eccmram = .
                0x0000000010000000                _siccmram = LOADADDR (.ccmram)

.ccmidata       0x0000000010002398        0x0 load address 0x00000000080001ac
                0x0000000010002398                . = ALIGN (0x4)
                0x0000000010002398                _sccmidata = .
 *(.ccmidata)
 *(.ccmidata*)
                0x0000000010002398                . = ALIGN (0x4)
                0x0000000010002398                _eccmidata = .

.text           0x00000000080001b0     0xa79c
                0x00000000080001b0                . = ALIGN (0x4)
 *(.text)
 .text          0x00000000080001b0       0x40 /opt/st/stm32cubeide_1.3.0/plugins/com.st.stm32cube.ide.mcu.externaltools.gnu-tools-for-stm32.7-2018-q2-update.linux64_1.5.0.202011040924/tools/bin/../lib/gcc/arm-none-eabi/7.3.1/thumb/v7e-m/fpv4-sp/hard/crtbegin.o
 .text          0x00000000080001f0       0x10 /opt/st/stm32cubeide_1.3.0/plugins/com.st.stm32cube.ide.mcu.externaltools.gnu-tools-for-stm32.7-2018-q2-update.linux64_1.5.0.202011040924/tools/bin/../lib/gcc/arm-none-eabi/7.3.1/../../../../arm-none-eabi/lib/thumb/v7e-m/fpv4-sp/hard/libc_nano.a(lib_a-strlen.o)
                0x00000000080001f0                strlen
 .text          0x0000000008000200       0xa0 /opt/st/stm32cubeide_1.3.0/plugins/com.st.stm32cube.ide.mcu.externaltools.gnu-tools-for-stm32.7-2018-q2-update.linux64_1.5.0.202011040924/tools/bin/../lib/gcc/arm-none-eabi/7.3.1/../../../../arm-none-eabi/lib/thumb/v7e-m/fpv4-sp/hard/libc_nano.a(lib_a-memchr.o)
                0x0000000008000200                memchr
 .text          0x00000000080002a0      0x378 /opt/st/stm32cubeide_1.3.0/plugins/com.st.stm32cube.ide.mcu.externaltools.gnu-tools-for-stm32.7-2018-q2-update.linux64_1.5.0.202011040924/tools/bin/../lib/gcc/arm-none-eabi/7.3.1/thumb/v7e-m/fpv4-sp/hard/libgcc.a(_arm_addsubdf3.o)
                0x00000000080002a0                __aeabi_drsub
                0x00000000080002a8                __aeabi_dsub
                0x00000000080002a8                __subdf3
                0x00000000080002ac                __adddf3
                0x00000000080002ac                __aeabi_dadd
                0x0000000008000524                __aeabi_ui2d
                0x0000000008000524                __floatunsidf
                0x0000000008000544                __floatsidf
                0x0000000008000544                __aeabi_i2d
                0x0000000008000568                __extendsfdf2
                0x0000000008000568                __aeabi_f2d
                0x00000000080005ac                __aeabi_ul2d
                0x00000000080005ac                __floatundidf
                0x00000000080005bc                __floatdidf
                0x00000000080005bc                __aeabi_l2d
 .text          0x0000000008000618      0x424 /opt/st/stm32cubeide_1.3.0/plugins/com.st.stm32cube.ide.mcu.externaltools.gnu-tools-for-stm32.7-2018-q2-update.linux64_1.5.0.202011040924/tools/bin/../lib/gcc/arm-none-eabi/7.3.1/thumb/v7e-m/fpv4-sp/hard/libgcc.a(_arm_muldivdf3.o)
                0x0000000008000618                __aeabi_dmul
                0x0000000008000618                __muldf3
                0x000000000800086c                __aeabi_ddiv
                0x000000000800086c                __divdf3
 .text          0x0000000008000a3c      0x110 /opt/st/stm32cubeide_1.3.0/plugins/com.st.stm32cube.ide.mcu.externaltools.gnu-tools-for-stm32.7-2018-q2-update.linux64_1.5.0.202011040924/tools/bin/../lib/gcc/arm-none-eabi/7.3.1/thumb/v7e-m/fpv4-sp/hard/libgcc.a(_arm_cmpdf2.o)
                0x0000000008000a3c                __gtdf2
                0x0000000008000a3c                __gedf2
                0x0000000008000a44                __ltdf2
                0x0000000008000a44                __ledf2
                0x0000000008000a4c                __cmpdf2
                0x0000000008000a4c                __eqdf2
                0x0000000008000a4c                __nedf2
                0x0000000008000ac8                __aeabi_cdrcmple
                0x0000000008000ad8                __aeabi_cdcmple
                0x0000000008000ad8                __aeabi_cdcmpeq
                0x0000000008000ae8                __aeabi_dcmpeq
                0x0000000008000afc                __aeabi_dcmplt
                0x0000000008000b10                __aeabi_dcmple
                0x0000000008000b24                __aeabi_dcmpge
                0x0000000008000b38                __aeabi_dcmpgt
 .text          0x0000000008000b4c       0x2c /opt/st/stm32cubeide_1.3.0/plugins/com.st.stm32cube.ide.mcu.externaltools.gnu-tools-for-stm32.7-2018-q2-update.linux64_1.5.0.202011040924/tools/bin/../lib/gcc/arm-none-eabi/7.3.1/thumb/v7e-m/fpv4-sp/hard/libgcc.a(_arm_unorddf2.o)
                0x0000000008000b4c                __aeabi_dcmpun
                0x0000000008000b4c                __unorddf2
 .text          0x0000000008000b78       0x50 /opt/st/stm32cubeide_1.3.0/plugins/com.st.stm32cube.ide.mcu.externaltools.gnu-tools-for-stm32.7-2018-q2-update.linux64_1.5.0.202011040924/tools/bin/../lib/gcc/arm-none-eabi/7.3.1/thumb/v7e-m/fpv4-sp/hard/libgcc.a(_arm_fixdfsi.o)
                0x0000000008000b78                __fixdfsi
                0x0000000008000b78                __aeabi_d2iz
 .text          0x0000000008000bc8       0x30 /opt/st/stm32cubeide_1.3.0/plugins/com.st.stm32cube.ide.mcu.externaltools.gnu-tools-for-stm32.7-2018-q2-update.linux64_1.5.0.202011040924/tools/bin/../lib/gcc/arm-none-eabi/7.3.1/thumb/v7e-m/fpv4-sp/hard/libgcc.a(_aeabi_uldivmod.o)
                0x0000000008000bc8                __aeabi_uldivmod
 .text          0x0000000008000bf8      0x2cc /opt/st/stm32cubeide_1.3.0/plugins/com.st.stm32cube.ide.mcu.externaltools.gnu-tools-for-stm32.7-2018-q2-update.linux64_1.5.0.202011040924/tools/bin/../lib/gcc/arm-none-eabi/7.3.1/thumb/v7e-m/fpv4-sp/hard/libgcc.a(_udivmoddi4.o)
                0x0000000008000bf8                __udivmoddi4
 .text          0x0000000008000ec4        0x4 /opt/st/stm32cubeide_1.3.0/plugins/com.st.stm32cube.ide.mcu.externaltools.gnu-tools-for-stm32.7-2018-q2-update.linux64_1.5.0.202011040924/tools/bin/../lib/gcc/arm-none-eabi/7.3.1/thumb/v7e-m/fpv4-sp/hard/libgcc.a(_dvmd_tls.o)
                0x0000000008000ec4                __aeabi_ldiv0
                0x0000000008000ec4                __aeabi_idiv0
 *(.text*)
 .text.LCD_init
                0x0000000008000ec8       0x80 Core/Src/lcd_funcs.o
                0x0000000008000ec8                LCD_init
 .text.LCD_clear
                0x0000000008000f48       0x54 Core/Src/lcd_funcs.o
                0x0000000008000f48                LCD_clear
 .text.LCD_write_bitmap
                0x0000000008000f9c       0x40 Core/Src/lcd_funcs.o
                0x0000000008000f9c                LCD_write_bitmap
 .text.LCD_write_BMP_array
                0x0000000008000fdc      0x118 Core/Src/lcd_funcs.o
                0x0000000008000fdc                LCD_write_BMP_array
 .text.HAL_TIM_PeriodElapsedCallback
                0x00000000080010f4       0x38 Core/Src/main.o
                0x00000000080010f4                HAL_TIM_PeriodElapsedCallback
 .text.SystemClock_Config
                0x000000000800112c       0xa4 Core/Src/main.o
                0x000000000800112c                SystemClock_Config
 .text.startup.main
                0x00000000080011d0      0x668 Core/Src/main.o
                0x00000000080011d0                main
 .text.__io_putchar
                0x0000000008001838       0x24 Core/Src/main.o
                0x0000000008001838                __io_putchar
 .text.__io_getchar
                0x000000000800185c       0x34 Core/Src/main.o
                0x000000000800185c                __io_getchar
 .text.HAL_MspInit
                0x0000000008001890       0x38 Core/Src/stm32f4xx_hal_msp.o
                0x0000000008001890                HAL_MspInit
 .text.HAL_DAC_MspInit
                0x00000000080018c8       0x64 Core/Src/stm32f4xx_hal_msp.o
                0x00000000080018c8                HAL_DAC_MspInit
 .text.HAL_SD_MspInit
                0x000000000800192c       0xbc Core/Src/stm32f4xx_hal_msp.o
                0x000000000800192c                HAL_SD_MspInit
 .text.HAL_SPI_MspInit
                0x00000000080019e8       0x7c Core/Src/stm32f4xx_hal_msp.o
                0x00000000080019e8                HAL_SPI_MspInit
 .text.HAL_TIM_Base_MspInit
                0x0000000008001a64       0x58 Core/Src/stm32f4xx_hal_msp.o
                0x0000000008001a64                HAL_TIM_Base_MspInit
 .text.HAL_UART_MspInit
                0x0000000008001abc       0x70 Core/Src/stm32f4xx_hal_msp.o
                0x0000000008001abc                HAL_UART_MspInit
 .text.NMI_Handler
                0x0000000008001b2c        0x4 Core/Src/stm32f4xx_it.o
                0x0000000008001b2c                NMI_Handler
 .text.HardFault_Handler
                0x0000000008001b30        0x4 Core/Src/stm32f4xx_it.o
                0x0000000008001b30                HardFault_Handler
 .text.MemManage_Handler
                0x0000000008001b34        0x4 Core/Src/stm32f4xx_it.o
                0x0000000008001b34                MemManage_Handler
 .text.BusFault_Handler
                0x0000000008001b38        0x4 Core/Src/stm32f4xx_it.o
                0x0000000008001b38                BusFault_Handler
 .text.UsageFault_Handler
                0x0000000008001b3c        0x4 Core/Src/stm32f4xx_it.o
                0x0000000008001b3c                UsageFault_Handler
 .text.SVC_Handler
                0x0000000008001b40        0x4 Core/Src/stm32f4xx_it.o
                0x0000000008001b40                SVC_Handler
 .text.DebugMon_Handler
                0x0000000008001b44        0x4 Core/Src/stm32f4xx_it.o
                0x0000000008001b44                DebugMon_Handler
 .text.PendSV_Handler
                0x0000000008001b48        0x4 Core/Src/stm32f4xx_it.o
                0x0000000008001b48                PendSV_Handler
 .text.SysTick_Handler
                0x0000000008001b4c       0x20 Core/Src/stm32f4xx_it.o
                0x0000000008001b4c                SysTick_Handler
 .text.TIM2_IRQHandler
                0x0000000008001b6c        0xc Core/Src/stm32f4xx_it.o
                0x0000000008001b6c                TIM2_IRQHandler
 .text.SDIO_IRQHandler
                0x0000000008001b78        0xc Core/Src/stm32f4xx_it.o
                0x0000000008001b78                SDIO_IRQHandler
 .text.SPI4_IRQHandler
                0x0000000008001b84        0xc Core/Src/stm32f4xx_it.o
                0x0000000008001b84                SPI4_IRQHandler
 .text._read    0x0000000008001b90       0x1c Core/Src/syscalls.o
                0x0000000008001b90                _read
 .text._write   0x0000000008001bac       0x1c Core/Src/syscalls.o
                0x0000000008001bac                _write
 .text._close   0x0000000008001bc8        0x8 Core/Src/syscalls.o
                0x0000000008001bc8                _close
 .text._fstat   0x0000000008001bd0        0xc Core/Src/syscalls.o
                0x0000000008001bd0                _fstat
 .text._isatty  0x0000000008001bdc        0x4 Core/Src/syscalls.o
                0x0000000008001bdc                _isatty
 .text._lseek   0x0000000008001be0        0x4 Core/Src/syscalls.o
                0x0000000008001be0                _lseek
 .text._sbrk    0x0000000008001be4       0x44 Core/Src/sysmem.o
                0x0000000008001be4                _sbrk
 .text.SystemInit
                0x0000000008001c28       0x1c Core/Src/system_stm32f4xx.o
                0x0000000008001c28                SystemInit
 .text.Reset_Handler
                0x0000000008001c44       0x80 Core/Startup/startup_stm32f429zitx.o
                0x0000000008001c44                Reset_Handler
 .text.Default_Handler
                0x0000000008001cc4        0x2 Core/Startup/startup_stm32f429zitx.o
                0x0000000008001cc4                RTC_Alarm_IRQHandler
                0x0000000008001cc4                HASH_RNG_IRQHandler
                0x0000000008001cc4                EXTI2_IRQHandler
                0x0000000008001cc4                TIM8_CC_IRQHandler
                0x0000000008001cc4                UART8_IRQHandler
                0x0000000008001cc4                TIM1_CC_IRQHandler
                0x0000000008001cc4                DMA2_Stream5_IRQHandler
                0x0000000008001cc4                DMA1_Stream5_IRQHandler
                0x0000000008001cc4                PVD_IRQHandler
                0x0000000008001cc4                TAMP_STAMP_IRQHandler
                0x0000000008001cc4                CAN2_RX1_IRQHandler
                0x0000000008001cc4                EXTI3_IRQHandler
                0x0000000008001cc4                TIM8_TRG_COM_TIM14_IRQHandler
                0x0000000008001cc4                TIM1_UP_TIM10_IRQHandler
                0x0000000008001cc4                TIM8_UP_TIM13_IRQHandler
                0x0000000008001cc4                I2C3_ER_IRQHandler
                0x0000000008001cc4                EXTI0_IRQHandler
                0x0000000008001cc4                I2C2_EV_IRQHandler
                0x0000000008001cc4                DMA1_Stream2_IRQHandler
                0x0000000008001cc4                CAN1_RX0_IRQHandler
                0x0000000008001cc4                FPU_IRQHandler
                0x0000000008001cc4                OTG_HS_WKUP_IRQHandler
                0x0000000008001cc4                LTDC_ER_IRQHandler
                0x0000000008001cc4                CAN2_SCE_IRQHandler
                0x0000000008001cc4                DMA2_Stream2_IRQHandler
                0x0000000008001cc4                SPI1_IRQHandler
                0x0000000008001cc4                TIM6_DAC_IRQHandler
                0x0000000008001cc4                TIM1_BRK_TIM9_IRQHandler
                0x0000000008001cc4                DCMI_IRQHandler
                0x0000000008001cc4                CAN2_RX0_IRQHandler
                0x0000000008001cc4                DMA2_Stream3_IRQHandler
                0x0000000008001cc4                USART6_IRQHandler
                0x0000000008001cc4                USART3_IRQHandler
                0x0000000008001cc4                CAN1_RX1_IRQHandler
                0x0000000008001cc4                UART5_IRQHandler
                0x0000000008001cc4                DMA2_Stream0_IRQHandler
                0x0000000008001cc4                TIM4_IRQHandler
                0x0000000008001cc4                I2C1_EV_IRQHandler
                0x0000000008001cc4                DMA1_Stream6_IRQHandler
                0x0000000008001cc4                DMA1_Stream1_IRQHandler
                0x0000000008001cc4                UART4_IRQHandler
                0x0000000008001cc4                TIM3_IRQHandler
                0x0000000008001cc4                RCC_IRQHandler
                0x0000000008001cc4                TIM8_BRK_TIM12_IRQHandler
                0x0000000008001cc4                Default_Handler
                0x0000000008001cc4                EXTI15_10_IRQHandler
                0x0000000008001cc4                ADC_IRQHandler
                0x0000000008001cc4                DMA1_Stream7_IRQHandler
                0x0000000008001cc4                SPI5_IRQHandler
                0x0000000008001cc4                TIM7_IRQHandler
                0x0000000008001cc4                CAN2_TX_IRQHandler
                0x0000000008001cc4                TIM5_IRQHandler
                0x0000000008001cc4                DMA2_Stream7_IRQHandler
                0x0000000008001cc4                I2C3_EV_IRQHandler
                0x0000000008001cc4                EXTI9_5_IRQHandler
                0x0000000008001cc4                RTC_WKUP_IRQHandler
                0x0000000008001cc4                LTDC_IRQHandler
                0x0000000008001cc4                ETH_WKUP_IRQHandler
                0x0000000008001cc4                SPI2_IRQHandler
                0x0000000008001cc4                OTG_HS_EP1_IN_IRQHandler
                0x0000000008001cc4                DMA1_Stream0_IRQHandler
                0x0000000008001cc4                CAN1_TX_IRQHandler
                0x0000000008001cc4                EXTI4_IRQHandler
                0x0000000008001cc4                ETH_IRQHandler
                0x0000000008001cc4                OTG_HS_EP1_OUT_IRQHandler
                0x0000000008001cc4                WWDG_IRQHandler
                0x0000000008001cc4                SPI6_IRQHandler
                0x0000000008001cc4                OTG_FS_WKUP_IRQHandler
                0x0000000008001cc4                TIM1_TRG_COM_TIM11_IRQHandler
                0x0000000008001cc4                OTG_HS_IRQHandler
                0x0000000008001cc4                DMA2D_IRQHandler
                0x0000000008001cc4                EXTI1_IRQHandler
                0x0000000008001cc4                UART7_IRQHandler
                0x0000000008001cc4                USART2_IRQHandler
                0x0000000008001cc4                I2C2_ER_IRQHandler
                0x0000000008001cc4                DMA2_Stream1_IRQHandler
                0x0000000008001cc4                CAN1_SCE_IRQHandler
                0x0000000008001cc4                FLASH_IRQHandler
                0x0000000008001cc4                DMA2_Stream4_IRQHandler
                0x0000000008001cc4                USART1_IRQHandler
                0x0000000008001cc4                OTG_FS_IRQHandler
                0x0000000008001cc4                SPI3_IRQHandler
                0x0000000008001cc4                DMA1_Stream4_IRQHandler
                0x0000000008001cc4                I2C1_ER_IRQHandler
                0x0000000008001cc4                FMC_IRQHandler
                0x0000000008001cc4                DMA2_Stream6_IRQHandler
                0x0000000008001cc4                SAI1_IRQHandler
                0x0000000008001cc4                DMA1_Stream3_IRQHandler
 *fill*         0x0000000008001cc6        0x2 
 .text.HAL_InitTick
                0x0000000008001cc8       0x48 Drivers/STM32F4xx_HAL_Driver/Src/stm32f4xx_hal.o
                0x0000000008001cc8                HAL_InitTick
 .text.HAL_Init
                0x0000000008001d10       0x34 Drivers/STM32F4xx_HAL_Driver/Src/stm32f4xx_hal.o
                0x0000000008001d10                HAL_Init
 .text.HAL_IncTick
                0x0000000008001d44       0x18 Drivers/STM32F4xx_HAL_Driver/Src/stm32f4xx_hal.o
                0x0000000008001d44                HAL_IncTick
 .text.HAL_GetTick
                0x0000000008001d5c        0xc Drivers/STM32F4xx_HAL_Driver/Src/stm32f4xx_hal.o
                0x0000000008001d5c                HAL_GetTick
 .text.HAL_Delay
                0x0000000008001d68       0x24 Drivers/STM32F4xx_HAL_Driver/Src/stm32f4xx_hal.o
                0x0000000008001d68                HAL_Delay
 .text.HAL_NVIC_SetPriorityGrouping
                0x0000000008001d8c       0x24 Drivers/STM32F4xx_HAL_Driver/Src/stm32f4xx_hal_cortex.o
                0x0000000008001d8c                HAL_NVIC_SetPriorityGrouping
 .text.HAL_NVIC_SetPriority
                0x0000000008001db0       0x6c Drivers/STM32F4xx_HAL_Driver/Src/stm32f4xx_hal_cortex.o
                0x0000000008001db0                HAL_NVIC_SetPriority
 .text.HAL_NVIC_EnableIRQ
                0x0000000008001e1c       0x1c Drivers/STM32F4xx_HAL_Driver/Src/stm32f4xx_hal_cortex.o
                0x0000000008001e1c                HAL_NVIC_EnableIRQ
 .text.HAL_SYSTICK_Config
                0x0000000008001e38       0x34 Drivers/STM32F4xx_HAL_Driver/Src/stm32f4xx_hal_cortex.o
                0x0000000008001e38                HAL_SYSTICK_Config
 .text.HAL_DAC_Init
                0x0000000008001e6c       0x2c Drivers/STM32F4xx_HAL_Driver/Src/stm32f4xx_hal_dac.o
                0x0000000008001e6c                HAL_DAC_Init
 .text.HAL_DAC_Start
                0x0000000008001e98       0x64 Drivers/STM32F4xx_HAL_Driver/Src/stm32f4xx_hal_dac.o
                0x0000000008001e98                HAL_DAC_Start
 .text.HAL_DAC_ConfigChannel
                0x0000000008001efc       0x48 Drivers/STM32F4xx_HAL_Driver/Src/stm32f4xx_hal_dac.o
                0x0000000008001efc                HAL_DAC_ConfigChannel
 .text.HAL_DMA_Abort_IT
                0x0000000008001f44       0x24 Drivers/STM32F4xx_HAL_Driver/Src/stm32f4xx_hal_dma.o
                0x0000000008001f44                HAL_DMA_Abort_IT
 .text.HAL_GPIO_Init
                0x0000000008001f68      0x244 Drivers/STM32F4xx_HAL_Driver/Src/stm32f4xx_hal_gpio.o
                0x0000000008001f68                HAL_GPIO_Init
 .text.HAL_GPIO_WritePin
                0x00000000080021ac        0x8 Drivers/STM32F4xx_HAL_Driver/Src/stm32f4xx_hal_gpio.o
                0x00000000080021ac                HAL_GPIO_WritePin
 .text.HAL_PWREx_EnableOverDrive
                0x00000000080021b4       0x7c Drivers/STM32F4xx_HAL_Driver/Src/stm32f4xx_hal_pwr_ex.o
                0x00000000080021b4                HAL_PWREx_EnableOverDrive
 .text.HAL_RCC_OscConfig
                0x0000000008002230      0x3bc Drivers/STM32F4xx_HAL_Driver/Src/stm32f4xx_hal_rcc.o
                0x0000000008002230                HAL_RCC_OscConfig
 .text.HAL_RCC_GetSysClockFreq
                0x00000000080025ec       0x6c Drivers/STM32F4xx_HAL_Driver/Src/stm32f4xx_hal_rcc.o
                0x00000000080025ec                HAL_RCC_GetSysClockFreq
 .text.HAL_RCC_ClockConfig
                0x0000000008002658      0x13c Drivers/STM32F4xx_HAL_Driver/Src/stm32f4xx_hal_rcc.o
                0x0000000008002658                HAL_RCC_ClockConfig
 .text.HAL_RCC_GetPCLK1Freq
                0x0000000008002794       0x20 Drivers/STM32F4xx_HAL_Driver/Src/stm32f4xx_hal_rcc.o
                0x0000000008002794                HAL_RCC_GetPCLK1Freq
 .text.HAL_RCC_GetPCLK2Freq
                0x00000000080027b4       0x20 Drivers/STM32F4xx_HAL_Driver/Src/stm32f4xx_hal_rcc.o
                0x00000000080027b4                HAL_RCC_GetPCLK2Freq
 .text.HAL_SD_ReadBlocks
                0x00000000080027d4      0x248 Drivers/STM32F4xx_HAL_Driver/Src/stm32f4xx_hal_sd.o
                0x00000000080027d4                HAL_SD_ReadBlocks
 .text.HAL_SD_WriteBlocks
                0x0000000008002a1c      0x1d8 Drivers/STM32F4xx_HAL_Driver/Src/stm32f4xx_hal_sd.o
                0x0000000008002a1c                HAL_SD_WriteBlocks
 .text.HAL_SD_ErrorCallback
                0x0000000008002bf4        0x4 Drivers/STM32F4xx_HAL_Driver/Src/stm32f4xx_hal_sd.o
                0x0000000008002bf4                HAL_SD_ErrorCallback
 .text.SD_DMATxAbort
                0x0000000008002bf8       0x64 Drivers/STM32F4xx_HAL_Driver/Src/stm32f4xx_hal_sd.o
 .text.HAL_SD_IRQHandler
                0x0000000008002c5c      0x268 Drivers/STM32F4xx_HAL_Driver/Src/stm32f4xx_hal_sd.o
                0x0000000008002c5c                HAL_SD_IRQHandler
 .text.SD_DMARxAbort
                0x0000000008002ec4       0x64 Drivers/STM32F4xx_HAL_Driver/Src/stm32f4xx_hal_sd.o
 .text.HAL_SD_GetCardCSD
                0x0000000008002f28      0x174 Drivers/STM32F4xx_HAL_Driver/Src/stm32f4xx_hal_sd.o
                0x0000000008002f28                HAL_SD_GetCardCSD
 .text.HAL_SD_Init
                0x000000000800309c      0x234 Drivers/STM32F4xx_HAL_Driver/Src/stm32f4xx_hal_sd.o
                0x000000000800309c                HAL_SD_Init
 .text.HAL_SD_GetCardInfo
                0x00000000080032d0       0x28 Drivers/STM32F4xx_HAL_Driver/Src/stm32f4xx_hal_sd.o
                0x00000000080032d0                HAL_SD_GetCardInfo
 .text.HAL_SD_GetCardState
                0x00000000080032f8       0x28 Drivers/STM32F4xx_HAL_Driver/Src/stm32f4xx_hal_sd.o
                0x00000000080032f8                HAL_SD_GetCardState
 .text.HAL_SPI_Init
                0x0000000008003320       0x80 Drivers/STM32F4xx_HAL_Driver/Src/stm32f4xx_hal_spi.o
                0x0000000008003320                HAL_SPI_Init
 .text.HAL_SPI_Transmit
                0x00000000080033a0      0x290 Drivers/STM32F4xx_HAL_Driver/Src/stm32f4xx_hal_spi.o
                0x00000000080033a0                HAL_SPI_Transmit
 .text.HAL_SPI_ErrorCallback
                0x0000000008003630        0x4 Drivers/STM32F4xx_HAL_Driver/Src/stm32f4xx_hal_spi.o
                0x0000000008003630                HAL_SPI_ErrorCallback
 .text.HAL_SPI_IRQHandler
                0x0000000008003634      0x144 Drivers/STM32F4xx_HAL_Driver/Src/stm32f4xx_hal_spi.o
                0x0000000008003634                HAL_SPI_IRQHandler
 .text.SPI_DMAAbortOnError
                0x0000000008003778       0x14 Drivers/STM32F4xx_HAL_Driver/Src/stm32f4xx_hal_spi.o
 .text.HAL_SPI_GetState
                0x000000000800378c        0x8 Drivers/STM32F4xx_HAL_Driver/Src/stm32f4xx_hal_spi.o
                0x000000000800378c                HAL_SPI_GetState
 .text.HAL_TIM_Base_Init
                0x0000000008003794      0x108 Drivers/STM32F4xx_HAL_Driver/Src/stm32f4xx_hal_tim.o
                0x0000000008003794                HAL_TIM_Base_Init
 .text.HAL_TIM_Base_Start
                0x000000000800389c       0x24 Drivers/STM32F4xx_HAL_Driver/Src/stm32f4xx_hal_tim.o
                0x000000000800389c                HAL_TIM_Base_Start
 .text.HAL_TIM_Base_Start_IT
                0x00000000080038c0       0x20 Drivers/STM32F4xx_HAL_Driver/Src/stm32f4xx_hal_tim.o
                0x00000000080038c0                HAL_TIM_Base_Start_IT
 .text.HAL_TIM_ConfigClockSource
                0x00000000080038e0      0x14c Drivers/STM32F4xx_HAL_Driver/Src/stm32f4xx_hal_tim.o
                0x00000000080038e0                HAL_TIM_ConfigClockSource
 .text.HAL_TIM_OC_DelayElapsedCallback
                0x0000000008003a2c        0x4 Drivers/STM32F4xx_HAL_Driver/Src/stm32f4xx_hal_tim.o
                0x0000000008003a2c                HAL_TIM_OC_DelayElapsedCallback
 .text.HAL_TIM_IC_CaptureCallback
                0x0000000008003a30        0x4 Drivers/STM32F4xx_HAL_Driver/Src/stm32f4xx_hal_tim.o
                0x0000000008003a30                HAL_TIM_IC_CaptureCallback
 .text.HAL_TIM_PWM_PulseFinishedCallback
                0x0000000008003a34        0x4 Drivers/STM32F4xx_HAL_Driver/Src/stm32f4xx_hal_tim.o
                0x0000000008003a34                HAL_TIM_PWM_PulseFinishedCallback
 .text.HAL_TIM_TriggerCallback
                0x0000000008003a38        0x4 Drivers/STM32F4xx_HAL_Driver/Src/stm32f4xx_hal_tim.o
                0x0000000008003a38                HAL_TIM_TriggerCallback
 .text.HAL_TIM_IRQHandler
                0x0000000008003a3c      0x154 Drivers/STM32F4xx_HAL_Driver/Src/stm32f4xx_hal_tim.o
                0x0000000008003a3c                HAL_TIM_IRQHandler
 .text.HAL_TIMEx_MasterConfigSynchronization
                0x0000000008003b90       0x8c Drivers/STM32F4xx_HAL_Driver/Src/stm32f4xx_hal_tim_ex.o
                0x0000000008003b90                HAL_TIMEx_MasterConfigSynchronization
 .text.HAL_TIMEx_CommutCallback
                0x0000000008003c1c        0x4 Drivers/STM32F4xx_HAL_Driver/Src/stm32f4xx_hal_tim_ex.o
                0x0000000008003c1c                HAL_TIMEx_CommutCallback
 .text.HAL_TIMEx_BreakCallback
                0x0000000008003c20        0x4 Drivers/STM32F4xx_HAL_Driver/Src/stm32f4xx_hal_tim_ex.o
                0x0000000008003c20                HAL_TIMEx_BreakCallback
 .text.HAL_UART_Init
                0x0000000008003c24      0x144 Drivers/STM32F4xx_HAL_Driver/Src/stm32f4xx_hal_uart.o
                0x0000000008003c24                HAL_UART_Init
 .text.HAL_UART_Transmit
                0x0000000008003d68      0x11c Drivers/STM32F4xx_HAL_Driver/Src/stm32f4xx_hal_uart.o
                0x0000000008003d68                HAL_UART_Transmit
 .text.HAL_UART_Receive
                0x0000000008003e84      0x138 Drivers/STM32F4xx_HAL_Driver/Src/stm32f4xx_hal_uart.o
                0x0000000008003e84                HAL_UART_Receive
 .text.SDMMC_GetCmdResp1.part.2
                0x0000000008003fbc       0xc8 Drivers/STM32F4xx_HAL_Driver/Src/stm32f4xx_ll_sdmmc.o
 .text.SDIO_Init
                0x0000000008004084       0x38 Drivers/STM32F4xx_HAL_Driver/Src/stm32f4xx_ll_sdmmc.o
                0x0000000008004084                SDIO_Init
 .text.SDIO_ReadFIFO
                0x00000000080040bc        0x8 Drivers/STM32F4xx_HAL_Driver/Src/stm32f4xx_ll_sdmmc.o
                0x00000000080040bc                SDIO_ReadFIFO
 .text.SDIO_WriteFIFO
                0x00000000080040c4        0xc Drivers/STM32F4xx_HAL_Driver/Src/stm32f4xx_ll_sdmmc.o
                0x00000000080040c4                SDIO_WriteFIFO
 .text.SDIO_PowerState_ON
                0x00000000080040d0       0x10 Drivers/STM32F4xx_HAL_Driver/Src/stm32f4xx_ll_sdmmc.o
                0x00000000080040d0                SDIO_PowerState_ON
 .text.SDIO_GetPowerState
                0x00000000080040e0        0x8 Drivers/STM32F4xx_HAL_Driver/Src/stm32f4xx_ll_sdmmc.o
                0x00000000080040e0                SDIO_GetPowerState
 .text.SDIO_GetResponse
                0x00000000080040e8        0x8 Drivers/STM32F4xx_HAL_Driver/Src/stm32f4xx_ll_sdmmc.o
                0x00000000080040e8                SDIO_GetResponse
 .text.SDIO_ConfigData
                0x00000000080040f0       0x28 Drivers/STM32F4xx_HAL_Driver/Src/stm32f4xx_ll_sdmmc.o
                0x00000000080040f0                SDIO_ConfigData
 .text.SDMMC_CmdBlockLength
                0x0000000008004118       0x78 Drivers/STM32F4xx_HAL_Driver/Src/stm32f4xx_ll_sdmmc.o
                0x0000000008004118                SDMMC_CmdBlockLength
 .text.SDMMC_CmdReadSingleBlock
                0x0000000008004190       0x7c Drivers/STM32F4xx_HAL_Driver/Src/stm32f4xx_ll_sdmmc.o
                0x0000000008004190                SDMMC_CmdReadSingleBlock
 .text.SDMMC_CmdReadMultiBlock
                0x000000000800420c       0x7c Drivers/STM32F4xx_HAL_Driver/Src/stm32f4xx_ll_sdmmc.o
                0x000000000800420c                SDMMC_CmdReadMultiBlock
 .text.SDMMC_CmdWriteSingleBlock
                0x0000000008004288       0x78 Drivers/STM32F4xx_HAL_Driver/Src/stm32f4xx_ll_sdmmc.o
                0x0000000008004288                SDMMC_CmdWriteSingleBlock
 .text.SDMMC_CmdWriteMultiBlock
                0x0000000008004300       0x7c Drivers/STM32F4xx_HAL_Driver/Src/stm32f4xx_ll_sdmmc.o
                0x0000000008004300                SDMMC_CmdWriteMultiBlock
 .text.SDMMC_CmdStopTransfer
                0x000000000800437c       0x90 Drivers/STM32F4xx_HAL_Driver/Src/stm32f4xx_ll_sdmmc.o
                0x000000000800437c                SDMMC_CmdStopTransfer
 .text.SDMMC_CmdSelDesel
                0x000000000800440c       0x7c Drivers/STM32F4xx_HAL_Driver/Src/stm32f4xx_ll_sdmmc.o
                0x000000000800440c                SDMMC_CmdSelDesel
 .text.SDMMC_CmdGoIdleState
                0x0000000008004488       0x4c Drivers/STM32F4xx_HAL_Driver/Src/stm32f4xx_ll_sdmmc.o
                0x0000000008004488                SDMMC_CmdGoIdleState
 .text.SDMMC_CmdOperCond
                0x00000000080044d4       0x78 Drivers/STM32F4xx_HAL_Driver/Src/stm32f4xx_ll_sdmmc.o
                0x00000000080044d4                SDMMC_CmdOperCond
 .text.SDMMC_CmdAppCommand
                0x000000000800454c       0x7c Drivers/STM32F4xx_HAL_Driver/Src/stm32f4xx_ll_sdmmc.o
                0x000000000800454c                SDMMC_CmdAppCommand
 .text.SDMMC_CmdAppOperCommand
                0x00000000080045c8       0x70 Drivers/STM32F4xx_HAL_Driver/Src/stm32f4xx_ll_sdmmc.o
                0x00000000080045c8                SDMMC_CmdAppOperCommand
 .text.SDMMC_CmdSendCID
                0x0000000008004638       0x6c Drivers/STM32F4xx_HAL_Driver/Src/stm32f4xx_ll_sdmmc.o
                0x0000000008004638                SDMMC_CmdSendCID
 .text.SDMMC_CmdSendCSD
                0x00000000080046a4       0x74 Drivers/STM32F4xx_HAL_Driver/Src/stm32f4xx_ll_sdmmc.o
                0x00000000080046a4                SDMMC_CmdSendCSD
 .text.SDMMC_CmdSetRelAdd
                0x0000000008004718       0xac Drivers/STM32F4xx_HAL_Driver/Src/stm32f4xx_ll_sdmmc.o
                0x0000000008004718                SDMMC_CmdSetRelAdd
 .text.SDMMC_CmdSendStatus
                0x00000000080047c4       0x7c Drivers/STM32F4xx_HAL_Driver/Src/stm32f4xx_ll_sdmmc.o
                0x00000000080047c4                SDMMC_CmdSendStatus
 .text.MX_FATFS_Init
                0x0000000008004840       0x1c FATFS/App/fatfs.o
                0x0000000008004840                MX_FATFS_Init
 .text.get_fattime
                0x000000000800485c        0x4 FATFS/App/fatfs.o
                0x000000000800485c                get_fattime
 .text.BSP_SD_ReadBlocks
                0x0000000008004860       0x24 FATFS/Target/bsp_driver_sd.o
                0x0000000008004860                BSP_SD_ReadBlocks
 .text.BSP_SD_WriteBlocks
                0x0000000008004884       0x24 FATFS/Target/bsp_driver_sd.o
                0x0000000008004884                BSP_SD_WriteBlocks
 .text.BSP_SD_GetCardState
                0x00000000080048a8       0x14 FATFS/Target/bsp_driver_sd.o
                0x00000000080048a8                BSP_SD_GetCardState
 .text.BSP_SD_GetCardInfo
                0x00000000080048bc        0xc FATFS/Target/bsp_driver_sd.o
                0x00000000080048bc                BSP_SD_GetCardInfo
 .text.BSP_SD_AbortCallback
                0x00000000080048c8        0x4 FATFS/Target/bsp_driver_sd.o
                0x00000000080048c8                BSP_SD_AbortCallback
 .text.HAL_SD_AbortCallback
                0x00000000080048cc        0x8 FATFS/Target/bsp_driver_sd.o
                0x00000000080048cc                HAL_SD_AbortCallback
 .text.BSP_SD_WriteCpltCallback
                0x00000000080048d4        0x4 FATFS/Target/bsp_driver_sd.o
                0x00000000080048d4                BSP_SD_WriteCpltCallback
 .text.HAL_SD_TxCpltCallback
                0x00000000080048d8        0x8 FATFS/Target/bsp_driver_sd.o
                0x00000000080048d8                HAL_SD_TxCpltCallback
 .text.BSP_SD_ReadCpltCallback
                0x00000000080048e0        0x4 FATFS/Target/bsp_driver_sd.o
                0x00000000080048e0                BSP_SD_ReadCpltCallback
 .text.HAL_SD_RxCpltCallback
                0x00000000080048e4        0x8 FATFS/Target/bsp_driver_sd.o
                0x00000000080048e4                HAL_SD_RxCpltCallback
 .text.BSP_SD_IsDetected
                0x00000000080048ec       0x10 FATFS/Target/bsp_driver_sd.o
                0x00000000080048ec                BSP_SD_IsDetected
 .text.BSP_SD_Init
                0x00000000080048fc       0x1c FATFS/Target/bsp_driver_sd.o
                0x00000000080048fc                BSP_SD_Init
 .text.SD_initialize
                0x0000000008004918       0x30 FATFS/Target/sd_diskio.o
                0x0000000008004918                SD_initialize
 .text.SD_status
                0x0000000008004948       0x20 FATFS/Target/sd_diskio.o
                0x0000000008004948                SD_status
 .text.SD_read  0x0000000008004968       0x20 FATFS/Target/sd_diskio.o
                0x0000000008004968                SD_read
 .text.SD_ioctl
                0x0000000008004988       0x60 FATFS/Target/sd_diskio.o
                0x0000000008004988                SD_ioctl
 .text.SD_write
                0x00000000080049e8       0x20 FATFS/Target/sd_diskio.o
                0x00000000080049e8                SD_write
 .text.disk_status
                0x0000000008004a08       0x14 Middlewares/Third_Party/FatFs/src/diskio.o
                0x0000000008004a08                disk_status
 .text.disk_initialize
                0x0000000008004a1c       0x20 Middlewares/Third_Party/FatFs/src/diskio.o
                0x0000000008004a1c                disk_initialize
 .text.disk_read
                0x0000000008004a3c       0x1c Middlewares/Third_Party/FatFs/src/diskio.o
                0x0000000008004a3c                disk_read
 .text.disk_write
                0x0000000008004a58       0x1c Middlewares/Third_Party/FatFs/src/diskio.o
                0x0000000008004a58                disk_write
 .text.unlikely.move_window.part.5
                0x0000000008004a74       0x72 Middlewares/Third_Party/FatFs/src/ff.o
 *fill*         0x0000000008004ae6        0x2 
 .text.put_fat.part.7
                0x0000000008004ae8      0x2bc Middlewares/Third_Party/FatFs/src/ff.o
 .text.remove_chain
                0x0000000008004da4      0x574 Middlewares/Third_Party/FatFs/src/ff.o
 .text.dir_sdi.constprop.12
                0x0000000008005318      0x2ec Middlewares/Third_Party/FatFs/src/ff.o
 .text.dir_sdi  0x0000000008005604      0x324 Middlewares/Third_Party/FatFs/src/ff.o
 .text.get_fat.isra.8
                0x0000000008005928      0x24c Middlewares/Third_Party/FatFs/src/ff.o
 .text.create_chain
                0x0000000008005b74      0x370 Middlewares/Third_Party/FatFs/src/ff.o
 .text.dir_next.constprop.11
                0x0000000008005ee4       0x84 Middlewares/Third_Party/FatFs/src/ff.o
 .text.dir_find
                0x0000000008005f68      0x33c Middlewares/Third_Party/FatFs/src/ff.o
 .text.follow_path
                0x00000000080062a4      0x348 Middlewares/Third_Party/FatFs/src/ff.o
 .text.dir_register
                0x00000000080065ec      0xbc8 Middlewares/Third_Party/FatFs/src/ff.o
 .text.find_volume
                0x00000000080071b4      0x6c8 Middlewares/Third_Party/FatFs/src/ff.o
 .text.f_mount  0x000000000800787c       0x90 Middlewares/Third_Party/FatFs/src/ff.o
                0x000000000800787c                f_mount
 .text.f_open   0x000000000800790c      0x3e8 Middlewares/Third_Party/FatFs/src/ff.o
                0x000000000800790c                f_open
 .text.f_read   0x0000000008007cf4      0x39c Middlewares/Third_Party/FatFs/src/ff.o
                0x0000000008007cf4                f_read
 .text.FATFS_LinkDriver
                0x0000000008008090       0x48 Middlewares/Third_Party/FatFs/src/ff_gen_drv.o
                0x0000000008008090                FATFS_LinkDriver
 .text.ff_convert
                0x00000000080080d8       0x48 Middlewares/Third_Party/FatFs/src/option/ccsbcs.o
                0x00000000080080d8                ff_convert
 .text.ff_wtoupper
                0x0000000008008120       0x98 Middlewares/Third_Party/FatFs/src/option/ccsbcs.o
                0x0000000008008120                ff_wtoupper
 .text.__errno  0x00000000080081b8        0xc /opt/st/stm32cubeide_1.3.0/plugins/com.st.stm32cube.ide.mcu.externaltools.gnu-tools-for-stm32.7-2018-q2-update.linux64_1.5.0.202011040924/tools/bin/../lib/gcc/arm-none-eabi/7.3.1/../../../../arm-none-eabi/lib/thumb/v7e-m/fpv4-sp/hard/libc_nano.a(lib_a-errno.o)
                0x00000000080081b8                __errno
 .text.__libc_init_array
                0x00000000080081c4       0x48 /opt/st/stm32cubeide_1.3.0/plugins/com.st.stm32cube.ide.mcu.externaltools.gnu-tools-for-stm32.7-2018-q2-update.linux64_1.5.0.202011040924/tools/bin/../lib/gcc/arm-none-eabi/7.3.1/../../../../arm-none-eabi/lib/thumb/v7e-m/fpv4-sp/hard/libc_nano.a(lib_a-init.o)
                0x00000000080081c4                __libc_init_array
 .text.memset   0x000000000800820c       0x10 /opt/st/stm32cubeide_1.3.0/plugins/com.st.stm32cube.ide.mcu.externaltools.gnu-tools-for-stm32.7-2018-q2-update.linux64_1.5.0.202011040924/tools/bin/../lib/gcc/arm-none-eabi/7.3.1/../../../../arm-none-eabi/lib/thumb/v7e-m/fpv4-sp/hard/libc_nano.a(lib_a-memset.o)
                0x000000000800820c                memset
 .text.__cvt    0x000000000800821c       0xc2 /opt/st/stm32cubeide_1.3.0/plugins/com.st.stm32cube.ide.mcu.externaltools.gnu-tools-for-stm32.7-2018-q2-update.linux64_1.5.0.202011040924/tools/bin/../lib/gcc/arm-none-eabi/7.3.1/../../../../arm-none-eabi/lib/thumb/v7e-m/fpv4-sp/hard/libc_nano.a(lib_a-nano-vfprintf_float.o)
                0x000000000800821c                __cvt
 .text.__exponent
                0x00000000080082de       0x66 /opt/st/stm32cubeide_1.3.0/plugins/com.st.stm32cube.ide.mcu.externaltools.gnu-tools-for-stm32.7-2018-q2-update.linux64_1.5.0.202011040924/tools/bin/../lib/gcc/arm-none-eabi/7.3.1/../../../../arm-none-eabi/lib/thumb/v7e-m/fpv4-sp/hard/libc_nano.a(lib_a-nano-vfprintf_float.o)
                0x00000000080082de                __exponent
 .text._printf_float
                0x0000000008008344      0x480 /opt/st/stm32cubeide_1.3.0/plugins/com.st.stm32cube.ide.mcu.externaltools.gnu-tools-for-stm32.7-2018-q2-update.linux64_1.5.0.202011040924/tools/bin/../lib/gcc/arm-none-eabi/7.3.1/../../../../arm-none-eabi/lib/thumb/v7e-m/fpv4-sp/hard/libc_nano.a(lib_a-nano-vfprintf_float.o)
                0x0000000008008344                _printf_float
 .text._printf_common
                0x00000000080087c4       0xea /opt/st/stm32cubeide_1.3.0/plugins/com.st.stm32cube.ide.mcu.externaltools.gnu-tools-for-stm32.7-2018-q2-update.linux64_1.5.0.202011040924/tools/bin/../lib/gcc/arm-none-eabi/7.3.1/../../../../arm-none-eabi/lib/thumb/v7e-m/fpv4-sp/hard/libc_nano.a(lib_a-nano-vfprintf_i.o)
                0x00000000080087c4                _printf_common
 *fill*         0x00000000080088ae        0x2 
 .text._printf_i
                0x00000000080088b0      0x224 /opt/st/stm32cubeide_1.3.0/plugins/com.st.stm32cube.ide.mcu.externaltools.gnu-tools-for-stm32.7-2018-q2-update.linux64_1.5.0.202011040924/tools/bin/../lib/gcc/arm-none-eabi/7.3.1/../../../../arm-none-eabi/lib/thumb/v7e-m/fpv4-sp/hard/libc_nano.a(lib_a-nano-vfprintf_i.o)
                0x00000000080088b0                _printf_i
 .text.printf   0x0000000008008ad4       0x30 /opt/st/stm32cubeide_1.3.0/plugins/com.st.stm32cube.ide.mcu.externaltools.gnu-tools-for-stm32.7-2018-q2-update.linux64_1.5.0.202011040924/tools/bin/../lib/gcc/arm-none-eabi/7.3.1/../../../../arm-none-eabi/lib/thumb/v7e-m/fpv4-sp/hard/libc_nano.a(lib_a-printf.o)
                0x0000000008008ad4                printf
                0x0000000008008ad4                iprintf
 .text._puts_r  0x0000000008008b04       0xb8 /opt/st/stm32cubeide_1.3.0/plugins/com.st.stm32cube.ide.mcu.externaltools.gnu-tools-for-stm32.7-2018-q2-update.linux64_1.5.0.202011040924/tools/bin/../lib/gcc/arm-none-eabi/7.3.1/../../../../arm-none-eabi/lib/thumb/v7e-m/fpv4-sp/hard/libc_nano.a(lib_a-puts.o)
                0x0000000008008b04                _puts_r
 .text.puts     0x0000000008008bbc       0x10 /opt/st/stm32cubeide_1.3.0/plugins/com.st.stm32cube.ide.mcu.externaltools.gnu-tools-for-stm32.7-2018-q2-update.linux64_1.5.0.202011040924/tools/bin/../lib/gcc/arm-none-eabi/7.3.1/../../../../arm-none-eabi/lib/thumb/v7e-m/fpv4-sp/hard/libc_nano.a(lib_a-puts.o)
                0x0000000008008bbc                puts
 .text.__swbuf_r
                0x0000000008008bcc       0xa4 /opt/st/stm32cubeide_1.3.0/plugins/com.st.stm32cube.ide.mcu.externaltools.gnu-tools-for-stm32.7-2018-q2-update.linux64_1.5.0.202011040924/tools/bin/../lib/gcc/arm-none-eabi/7.3.1/../../../../arm-none-eabi/lib/thumb/v7e-m/fpv4-sp/hard/libc_nano.a(lib_a-wbuf.o)
                0x0000000008008bcc                __swbuf_r
 .text.__swsetup_r
                0x0000000008008c70       0xdc /opt/st/stm32cubeide_1.3.0/plugins/com.st.stm32cube.ide.mcu.externaltools.gnu-tools-for-stm32.7-2018-q2-update.linux64_1.5.0.202011040924/tools/bin/../lib/gcc/arm-none-eabi/7.3.1/../../../../arm-none-eabi/lib/thumb/v7e-m/fpv4-sp/hard/libc_nano.a(lib_a-wsetup.o)
                0x0000000008008c70                __swsetup_r
 .text.quorem   0x0000000008008d4c      0x118 /opt/st/stm32cubeide_1.3.0/plugins/com.st.stm32cube.ide.mcu.externaltools.gnu-tools-for-stm32.7-2018-q2-update.linux64_1.5.0.202011040924/tools/bin/../lib/gcc/arm-none-eabi/7.3.1/../../../../arm-none-eabi/lib/thumb/v7e-m/fpv4-sp/hard/libc_nano.a(lib_a-dtoa.o)
 *fill*         0x0000000008008e64        0x4 
 .text._dtoa_r  0x0000000008008e68      0xb70 /opt/st/stm32cubeide_1.3.0/plugins/com.st.stm32cube.ide.mcu.externaltools.gnu-tools-for-stm32.7-2018-q2-update.linux64_1.5.0.202011040924/tools/bin/../lib/gcc/arm-none-eabi/7.3.1/../../../../arm-none-eabi/lib/thumb/v7e-m/fpv4-sp/hard/libc_nano.a(lib_a-dtoa.o)
                0x0000000008008e68                _dtoa_r
 .text.__sflush_r
                0x00000000080099d8      0x10c /opt/st/stm32cubeide_1.3.0/plugins/com.st.stm32cube.ide.mcu.externaltools.gnu-tools-for-stm32.7-2018-q2-update.linux64_1.5.0.202011040924/tools/bin/../lib/gcc/arm-none-eabi/7.3.1/../../../../arm-none-eabi/lib/thumb/v7e-m/fpv4-sp/hard/libc_nano.a(lib_a-fflush.o)
                0x00000000080099d8                __sflush_r
 .text._fflush_r
                0x0000000008009ae4       0x54 /opt/st/stm32cubeide_1.3.0/plugins/com.st.stm32cube.ide.mcu.externaltools.gnu-tools-for-stm32.7-2018-q2-update.linux64_1.5.0.202011040924/tools/bin/../lib/gcc/arm-none-eabi/7.3.1/../../../../arm-none-eabi/lib/thumb/v7e-m/fpv4-sp/hard/libc_nano.a(lib_a-fflush.o)
                0x0000000008009ae4                _fflush_r
 .text.std      0x0000000008009b38       0x48 /opt/st/stm32cubeide_1.3.0/plugins/com.st.stm32cube.ide.mcu.externaltools.gnu-tools-for-stm32.7-2018-q2-update.linux64_1.5.0.202011040924/tools/bin/../lib/gcc/arm-none-eabi/7.3.1/../../../../arm-none-eabi/lib/thumb/v7e-m/fpv4-sp/hard/libc_nano.a(lib_a-findfp.o)
 .text._cleanup_r
                0x0000000008009b80        0xc /opt/st/stm32cubeide_1.3.0/plugins/com.st.stm32cube.ide.mcu.externaltools.gnu-tools-for-stm32.7-2018-q2-update.linux64_1.5.0.202011040924/tools/bin/../lib/gcc/arm-none-eabi/7.3.1/../../../../arm-none-eabi/lib/thumb/v7e-m/fpv4-sp/hard/libc_nano.a(lib_a-findfp.o)
                0x0000000008009b80                _cleanup_r
 .text.__sfmoreglue
                0x0000000008009b8c       0x2c /opt/st/stm32cubeide_1.3.0/plugins/com.st.stm32cube.ide.mcu.externaltools.gnu-tools-for-stm32.7-2018-q2-update.linux64_1.5.0.202011040924/tools/bin/../lib/gcc/arm-none-eabi/7.3.1/../../../../arm-none-eabi/lib/thumb/v7e-m/fpv4-sp/hard/libc_nano.a(lib_a-findfp.o)
                0x0000000008009b8c                __sfmoreglue
 .text.__sinit  0x0000000008009bb8       0x60 /opt/st/stm32cubeide_1.3.0/plugins/com.st.stm32cube.ide.mcu.externaltools.gnu-tools-for-stm32.7-2018-q2-update.linux64_1.5.0.202011040924/tools/bin/../lib/gcc/arm-none-eabi/7.3.1/../../../../arm-none-eabi/lib/thumb/v7e-m/fpv4-sp/hard/libc_nano.a(lib_a-findfp.o)
                0x0000000008009bb8                __sinit
 .text.__sfp    0x0000000008009c18       0x78 /opt/st/stm32cubeide_1.3.0/plugins/com.st.stm32cube.ide.mcu.externaltools.gnu-tools-for-stm32.7-2018-q2-update.linux64_1.5.0.202011040924/tools/bin/../lib/gcc/arm-none-eabi/7.3.1/../../../../arm-none-eabi/lib/thumb/v7e-m/fpv4-sp/hard/libc_nano.a(lib_a-findfp.o)
                0x0000000008009c18                __sfp
 .text._fwalk_reent
                0x0000000008009c90       0x3c /opt/st/stm32cubeide_1.3.0/plugins/com.st.stm32cube.ide.mcu.externaltools.gnu-tools-for-stm32.7-2018-q2-update.linux64_1.5.0.202011040924/tools/bin/../lib/gcc/arm-none-eabi/7.3.1/../../../../arm-none-eabi/lib/thumb/v7e-m/fpv4-sp/hard/libc_nano.a(lib_a-fwalk.o)
                0x0000000008009c90                _fwalk_reent
 .text._localeconv_r
                0x0000000008009ccc       0x1c /opt/st/stm32cubeide_1.3.0/plugins/com.st.stm32cube.ide.mcu.externaltools.gnu-tools-for-stm32.7-2018-q2-update.linux64_1.5.0.202011040924/tools/bin/../lib/gcc/arm-none-eabi/7.3.1/../../../../arm-none-eabi/lib/thumb/v7e-m/fpv4-sp/hard/libc_nano.a(lib_a-localeconv.o)
                0x0000000008009ccc                _localeconv_r
 .text.__swhatbuf_r
                0x0000000008009ce8       0x48 /opt/st/stm32cubeide_1.3.0/plugins/com.st.stm32cube.ide.mcu.externaltools.gnu-tools-for-stm32.7-2018-q2-update.linux64_1.5.0.202011040924/tools/bin/../lib/gcc/arm-none-eabi/7.3.1/../../../../arm-none-eabi/lib/thumb/v7e-m/fpv4-sp/hard/libc_nano.a(lib_a-makebuf.o)
                0x0000000008009ce8                __swhatbuf_r
 .text.__smakebuf_r
                0x0000000008009d30       0x80 /opt/st/stm32cubeide_1.3.0/plugins/com.st.stm32cube.ide.mcu.externaltools.gnu-tools-for-stm32.7-2018-q2-update.linux64_1.5.0.202011040924/tools/bin/../lib/gcc/arm-none-eabi/7.3.1/../../../../arm-none-eabi/lib/thumb/v7e-m/fpv4-sp/hard/libc_nano.a(lib_a-makebuf.o)
                0x0000000008009d30                __smakebuf_r
 .text.malloc   0x0000000008009db0       0x10 /opt/st/stm32cubeide_1.3.0/plugins/com.st.stm32cube.ide.mcu.externaltools.gnu-tools-for-stm32.7-2018-q2-update.linux64_1.5.0.202011040924/tools/bin/../lib/gcc/arm-none-eabi/7.3.1/../../../../arm-none-eabi/lib/thumb/v7e-m/fpv4-sp/hard/libc_nano.a(lib_a-malloc.o)
                0x0000000008009db0                malloc
 .text.memcpy   0x0000000008009dc0       0x16 /opt/st/stm32cubeide_1.3.0/plugins/com.st.stm32cube.ide.mcu.externaltools.gnu-tools-for-stm32.7-2018-q2-update.linux64_1.5.0.202011040924/tools/bin/../lib/gcc/arm-none-eabi/7.3.1/../../../../arm-none-eabi/lib/thumb/v7e-m/fpv4-sp/hard/libc_nano.a(lib_a-memcpy-stub.o)
                0x0000000008009dc0                memcpy
 .text._Balloc  0x0000000008009dd6       0x68 /opt/st/stm32cubeide_1.3.0/plugins/com.st.stm32cube.ide.mcu.externaltools.gnu-tools-for-stm32.7-2018-q2-update.linux64_1.5.0.202011040924/tools/bin/../lib/gcc/arm-none-eabi/7.3.1/../../../../arm-none-eabi/lib/thumb/v7e-m/fpv4-sp/hard/libc_nano.a(lib_a-mprec.o)
                0x0000000008009dd6                _Balloc
 .text._Bfree   0x0000000008009e3e       0x2e /opt/st/stm32cubeide_1.3.0/plugins/com.st.stm32cube.ide.mcu.externaltools.gnu-tools-for-stm32.7-2018-q2-update.linux64_1.5.0.202011040924/tools/bin/../lib/gcc/arm-none-eabi/7.3.1/../../../../arm-none-eabi/lib/thumb/v7e-m/fpv4-sp/hard/libc_nano.a(lib_a-mprec.o)
                0x0000000008009e3e                _Bfree
 .text.__multadd
                0x0000000008009e6c       0x76 /opt/st/stm32cubeide_1.3.0/plugins/com.st.stm32cube.ide.mcu.externaltools.gnu-tools-for-stm32.7-2018-q2-update.linux64_1.5.0.202011040924/tools/bin/../lib/gcc/arm-none-eabi/7.3.1/../../../../arm-none-eabi/lib/thumb/v7e-m/fpv4-sp/hard/libc_nano.a(lib_a-mprec.o)
                0x0000000008009e6c                __multadd
 .text.__hi0bits
                0x0000000008009ee2       0x3e /opt/st/stm32cubeide_1.3.0/plugins/com.st.stm32cube.ide.mcu.externaltools.gnu-tools-for-stm32.7-2018-q2-update.linux64_1.5.0.202011040924/tools/bin/../lib/gcc/arm-none-eabi/7.3.1/../../../../arm-none-eabi/lib/thumb/v7e-m/fpv4-sp/hard/libc_nano.a(lib_a-mprec.o)
                0x0000000008009ee2                __hi0bits
 .text.__lo0bits
                0x0000000008009f20       0x5e /opt/st/stm32cubeide_1.3.0/plugins/com.st.stm32cube.ide.mcu.externaltools.gnu-tools-for-stm32.7-2018-q2-update.linux64_1.5.0.202011040924/tools/bin/../lib/gcc/arm-none-eabi/7.3.1/../../../../arm-none-eabi/lib/thumb/v7e-m/fpv4-sp/hard/libc_nano.a(lib_a-mprec.o)
                0x0000000008009f20                __lo0bits
 .text.__i2b    0x0000000008009f7e       0x12 /opt/st/stm32cubeide_1.3.0/plugins/com.st.stm32cube.ide.mcu.externaltools.gnu-tools-for-stm32.7-2018-q2-update.linux64_1.5.0.202011040924/tools/bin/../lib/gcc/arm-none-eabi/7.3.1/../../../../arm-none-eabi/lib/thumb/v7e-m/fpv4-sp/hard/libc_nano.a(lib_a-mprec.o)
                0x0000000008009f7e                __i2b
 .text.__multiply
                0x0000000008009f90      0x12c /opt/st/stm32cubeide_1.3.0/plugins/com.st.stm32cube.ide.mcu.externaltools.gnu-tools-for-stm32.7-2018-q2-update.linux64_1.5.0.202011040924/tools/bin/../lib/gcc/arm-none-eabi/7.3.1/../../../../arm-none-eabi/lib/thumb/v7e-m/fpv4-sp/hard/libc_nano.a(lib_a-mprec.o)
                0x0000000008009f90                __multiply
 .text.__pow5mult
                0x000000000800a0bc       0x9c /opt/st/stm32cubeide_1.3.0/plugins/com.st.stm32cube.ide.mcu.externaltools.gnu-tools-for-stm32.7-2018-q2-update.linux64_1.5.0.202011040924/tools/bin/../lib/gcc/arm-none-eabi/7.3.1/../../../../arm-none-eabi/lib/thumb/v7e-m/fpv4-sp/hard/libc_nano.a(lib_a-mprec.o)
                0x000000000800a0bc                __pow5mult
 .text.__lshift
                0x000000000800a158       0xa8 /opt/st/stm32cubeide_1.3.0/plugins/com.st.stm32cube.ide.mcu.externaltools.gnu-tools-for-stm32.7-2018-q2-update.linux64_1.5.0.202011040924/tools/bin/../lib/gcc/arm-none-eabi/7.3.1/../../../../arm-none-eabi/lib/thumb/v7e-m/fpv4-sp/hard/libc_nano.a(lib_a-mprec.o)
                0x000000000800a158                __lshift
 .text.__mcmp   0x000000000800a200       0x34 /opt/st/stm32cubeide_1.3.0/plugins/com.st.stm32cube.ide.mcu.externaltools.gnu-tools-for-stm32.7-2018-q2-update.linux64_1.5.0.202011040924/tools/bin/../lib/gcc/arm-none-eabi/7.3.1/../../../../arm-none-eabi/lib/thumb/v7e-m/fpv4-sp/hard/libc_nano.a(lib_a-mprec.o)
                0x000000000800a200                __mcmp
 .text.__mdiff  0x000000000800a234       0xba /opt/st/stm32cubeide_1.3.0/plugins/com.st.stm32cube.ide.mcu.externaltools.gnu-tools-for-stm32.7-2018-q2-update.linux64_1.5.0.202011040924/tools/bin/../lib/gcc/arm-none-eabi/7.3.1/../../../../arm-none-eabi/lib/thumb/v7e-m/fpv4-sp/hard/libc_nano.a(lib_a-mprec.o)
                0x000000000800a234                __mdiff
 .text.__d2b    0x000000000800a2ee       0x9e /opt/st/stm32cubeide_1.3.0/plugins/com.st.stm32cube.ide.mcu.externaltools.gnu-tools-for-stm32.7-2018-q2-update.linux64_1.5.0.202011040924/tools/bin/../lib/gcc/arm-none-eabi/7.3.1/../../../../arm-none-eabi/lib/thumb/v7e-m/fpv4-sp/hard/libc_nano.a(lib_a-mprec.o)
                0x000000000800a2ee                __d2b
 .text._calloc_r
                0x000000000800a38c       0x1c /opt/st/stm32cubeide_1.3.0/plugins/com.st.stm32cube.ide.mcu.externaltools.gnu-tools-for-stm32.7-2018-q2-update.linux64_1.5.0.202011040924/tools/bin/../lib/gcc/arm-none-eabi/7.3.1/../../../../arm-none-eabi/lib/thumb/v7e-m/fpv4-sp/hard/libc_nano.a(lib_a-nano-callocr.o)
                0x000000000800a38c                _calloc_r
 .text._free_r  0x000000000800a3a8       0x9c /opt/st/stm32cubeide_1.3.0/plugins/com.st.stm32cube.ide.mcu.externaltools.gnu-tools-for-stm32.7-2018-q2-update.linux64_1.5.0.202011040924/tools/bin/../lib/gcc/arm-none-eabi/7.3.1/../../../../arm-none-eabi/lib/thumb/v7e-m/fpv4-sp/hard/libc_nano.a(lib_a-nano-freer.o)
                0x000000000800a3a8                _free_r
 .text._malloc_r
                0x000000000800a444       0xb4 /opt/st/stm32cubeide_1.3.0/plugins/com.st.stm32cube.ide.mcu.externaltools.gnu-tools-for-stm32.7-2018-q2-update.linux64_1.5.0.202011040924/tools/bin/../lib/gcc/arm-none-eabi/7.3.1/../../../../arm-none-eabi/lib/thumb/v7e-m/fpv4-sp/hard/libc_nano.a(lib_a-nano-mallocr.o)
                0x000000000800a444                _malloc_r
 .text.__sfputc_r
                0x000000000800a4f8       0x2e /opt/st/stm32cubeide_1.3.0/plugins/com.st.stm32cube.ide.mcu.externaltools.gnu-tools-for-stm32.7-2018-q2-update.linux64_1.5.0.202011040924/tools/bin/../lib/gcc/arm-none-eabi/7.3.1/../../../../arm-none-eabi/lib/thumb/v7e-m/fpv4-sp/hard/libc_nano.a(lib_a-nano-vfprintf.o)
 .text.__sfputs_r
                0x000000000800a526       0x24 /opt/st/stm32cubeide_1.3.0/plugins/com.st.stm32cube.ide.mcu.externaltools.gnu-tools-for-stm32.7-2018-q2-update.linux64_1.5.0.202011040924/tools/bin/../lib/gcc/arm-none-eabi/7.3.1/../../../../arm-none-eabi/lib/thumb/v7e-m/fpv4-sp/hard/libc_nano.a(lib_a-nano-vfprintf.o)
                0x000000000800a526                __sfputs_r
 *fill*         0x000000000800a54a        0x2 
 .text._vfprintf_r
                0x000000000800a54c      0x22c /opt/st/stm32cubeide_1.3.0/plugins/com.st.stm32cube.ide.mcu.externaltools.gnu-tools-for-stm32.7-2018-q2-update.linux64_1.5.0.202011040924/tools/bin/../lib/gcc/arm-none-eabi/7.3.1/../../../../arm-none-eabi/lib/thumb/v7e-m/fpv4-sp/hard/libc_nano.a(lib_a-nano-vfprintf.o)
                0x000000000800a54c                _vfiprintf_r
                0x000000000800a54c                _vfprintf_r
 .text._sbrk_r  0x000000000800a778       0x20 /opt/st/stm32cubeide_1.3.0/plugins/com.st.stm32cube.ide.mcu.externaltools.gnu-tools-for-stm32.7-2018-q2-update.linux64_1.5.0.202011040924/tools/bin/../lib/gcc/arm-none-eabi/7.3.1/../../../../arm-none-eabi/lib/thumb/v7e-m/fpv4-sp/hard/libc_nano.a(lib_a-sbrkr.o)
                0x000000000800a778                _sbrk_r
 .text.__sread  0x000000000800a798       0x22 /opt/st/stm32cubeide_1.3.0/plugins/com.st.stm32cube.ide.mcu.externaltools.gnu-tools-for-stm32.7-2018-q2-update.linux64_1.5.0.202011040924/tools/bin/../lib/gcc/arm-none-eabi/7.3.1/../../../../arm-none-eabi/lib/thumb/v7e-m/fpv4-sp/hard/libc_nano.a(lib_a-stdio.o)
                0x000000000800a798                __sread
 .text.__swrite
                0x000000000800a7ba       0x38 /opt/st/stm32cubeide_1.3.0/plugins/com.st.stm32cube.ide.mcu.externaltools.gnu-tools-for-stm32.7-2018-q2-update.linux64_1.5.0.202011040924/tools/bin/../lib/gcc/arm-none-eabi/7.3.1/../../../../arm-none-eabi/lib/thumb/v7e-m/fpv4-sp/hard/libc_nano.a(lib_a-stdio.o)
                0x000000000800a7ba                __swrite
 .text.__sseek  0x000000000800a7f2       0x24 /opt/st/stm32cubeide_1.3.0/plugins/com.st.stm32cube.ide.mcu.externaltools.gnu-tools-for-stm32.7-2018-q2-update.linux64_1.5.0.202011040924/tools/bin/../lib/gcc/arm-none-eabi/7.3.1/../../../../arm-none-eabi/lib/thumb/v7e-m/fpv4-sp/hard/libc_nano.a(lib_a-stdio.o)
                0x000000000800a7f2                __sseek
 .text.__sclose
                0x000000000800a816        0x8 /opt/st/stm32cubeide_1.3.0/plugins/com.st.stm32cube.ide.mcu.externaltools.gnu-tools-for-stm32.7-2018-q2-update.linux64_1.5.0.202011040924/tools/bin/../lib/gcc/arm-none-eabi/7.3.1/../../../../arm-none-eabi/lib/thumb/v7e-m/fpv4-sp/hard/libc_nano.a(lib_a-stdio.o)
                0x000000000800a816                __sclose
 *fill*         0x000000000800a81e        0x2 
 .text._write_r
                0x000000000800a820       0x24 /opt/st/stm32cubeide_1.3.0/plugins/com.st.stm32cube.ide.mcu.externaltools.gnu-tools-for-stm32.7-2018-q2-update.linux64_1.5.0.202011040924/tools/bin/../lib/gcc/arm-none-eabi/7.3.1/../../../../arm-none-eabi/lib/thumb/v7e-m/fpv4-sp/hard/libc_nano.a(lib_a-writer.o)
                0x000000000800a820                _write_r
 .text._close_r
                0x000000000800a844       0x20 /opt/st/stm32cubeide_1.3.0/plugins/com.st.stm32cube.ide.mcu.externaltools.gnu-tools-for-stm32.7-2018-q2-update.linux64_1.5.0.202011040924/tools/bin/../lib/gcc/arm-none-eabi/7.3.1/../../../../arm-none-eabi/lib/thumb/v7e-m/fpv4-sp/hard/libc_nano.a(lib_a-closer.o)
                0x000000000800a844                _close_r
 .text._fstat_r
                0x000000000800a864       0x24 /opt/st/stm32cubeide_1.3.0/plugins/com.st.stm32cube.ide.mcu.externaltools.gnu-tools-for-stm32.7-2018-q2-update.linux64_1.5.0.202011040924/tools/bin/../lib/gcc/arm-none-eabi/7.3.1/../../../../arm-none-eabi/lib/thumb/v7e-m/fpv4-sp/hard/libc_nano.a(lib_a-fstatr.o)
                0x000000000800a864                _fstat_r
 .text._isatty_r
                0x000000000800a888       0x20 /opt/st/stm32cubeide_1.3.0/plugins/com.st.stm32cube.ide.mcu.externaltools.gnu-tools-for-stm32.7-2018-q2-update.linux64_1.5.0.202011040924/tools/bin/../lib/gcc/arm-none-eabi/7.3.1/../../../../arm-none-eabi/lib/thumb/v7e-m/fpv4-sp/hard/libc_nano.a(lib_a-isattyr.o)
                0x000000000800a888                _isatty_r
 .text._lseek_r
                0x000000000800a8a8       0x24 /opt/st/stm32cubeide_1.3.0/plugins/com.st.stm32cube.ide.mcu.externaltools.gnu-tools-for-stm32.7-2018-q2-update.linux64_1.5.0.202011040924/tools/bin/../lib/gcc/arm-none-eabi/7.3.1/../../../../arm-none-eabi/lib/thumb/v7e-m/fpv4-sp/hard/libc_nano.a(lib_a-lseekr.o)
                0x000000000800a8a8                _lseek_r
 .text.__ascii_mbtowc
                0x000000000800a8cc       0x24 /opt/st/stm32cubeide_1.3.0/plugins/com.st.stm32cube.ide.mcu.externaltools.gnu-tools-for-stm32.7-2018-q2-update.linux64_1.5.0.202011040924/tools/bin/../lib/gcc/arm-none-eabi/7.3.1/../../../../arm-none-eabi/lib/thumb/v7e-m/fpv4-sp/hard/libc_nano.a(lib_a-mbtowc_r.o)
                0x000000000800a8cc                __ascii_mbtowc
 .text.__malloc_lock
                0x000000000800a8f0        0x2 /opt/st/stm32cubeide_1.3.0/plugins/com.st.stm32cube.ide.mcu.externaltools.gnu-tools-for-stm32.7-2018-q2-update.linux64_1.5.0.202011040924/tools/bin/../lib/gcc/arm-none-eabi/7.3.1/../../../../arm-none-eabi/lib/thumb/v7e-m/fpv4-sp/hard/libc_nano.a(lib_a-mlock.o)
                0x000000000800a8f0                __malloc_lock
 .text.__malloc_unlock
                0x000000000800a8f2        0x2 /opt/st/stm32cubeide_1.3.0/plugins/com.st.stm32cube.ide.mcu.externaltools.gnu-tools-for-stm32.7-2018-q2-update.linux64_1.5.0.202011040924/tools/bin/../lib/gcc/arm-none-eabi/7.3.1/../../../../arm-none-eabi/lib/thumb/v7e-m/fpv4-sp/hard/libc_nano.a(lib_a-mlock.o)
                0x000000000800a8f2                __malloc_unlock
 .text._read_r  0x000000000800a8f4       0x24 /opt/st/stm32cubeide_1.3.0/plugins/com.st.stm32cube.ide.mcu.externaltools.gnu-tools-for-stm32.7-2018-q2-update.linux64_1.5.0.202011040924/tools/bin/../lib/gcc/arm-none-eabi/7.3.1/../../../../arm-none-eabi/lib/thumb/v7e-m/fpv4-sp/hard/libc_nano.a(lib_a-readr.o)
                0x000000000800a8f4                _read_r
 .text.__ascii_wctomb
                0x000000000800a918       0x1a /opt/st/stm32cubeide_1.3.0/plugins/com.st.stm32cube.ide.mcu.externaltools.gnu-tools-for-stm32.7-2018-q2-update.linux64_1.5.0.202011040924/tools/bin/../lib/gcc/arm-none-eabi/7.3.1/../../../../arm-none-eabi/lib/thumb/v7e-m/fpv4-sp/hard/libc_nano.a(lib_a-wctomb_r.o)
                0x000000000800a918                __ascii_wctomb
 *(.glue_7)
 .glue_7        0x000000000800a932        0x0 linker stubs
 *(.glue_7t)
 .glue_7t       0x000000000800a932        0x0 linker stubs
 *(.eh_frame)
 *fill*         0x000000000800a932        0x2 
 .eh_frame      0x000000000800a934        0x0 /opt/st/stm32cubeide_1.3.0/plugins/com.st.stm32cube.ide.mcu.externaltools.gnu-tools-for-stm32.7-2018-q2-update.linux64_1.5.0.202011040924/tools/bin/../lib/gcc/arm-none-eabi/7.3.1/thumb/v7e-m/fpv4-sp/hard/crtbegin.o
 *(.init)
 .init          0x000000000800a934        0x4 /opt/st/stm32cubeide_1.3.0/plugins/com.st.stm32cube.ide.mcu.externaltools.gnu-tools-for-stm32.7-2018-q2-update.linux64_1.5.0.202011040924/tools/bin/../lib/gcc/arm-none-eabi/7.3.1/thumb/v7e-m/fpv4-sp/hard/crti.o
                0x000000000800a934                _init
 .init          0x000000000800a938        0x8 /opt/st/stm32cubeide_1.3.0/plugins/com.st.stm32cube.ide.mcu.externaltools.gnu-tools-for-stm32.7-2018-q2-update.linux64_1.5.0.202011040924/tools/bin/../lib/gcc/arm-none-eabi/7.3.1/thumb/v7e-m/fpv4-sp/hard/crtn.o
 *(.fini)
 .fini          0x000000000800a940        0x4 /opt/st/stm32cubeide_1.3.0/plugins/com.st.stm32cube.ide.mcu.externaltools.gnu-tools-for-stm32.7-2018-q2-update.linux64_1.5.0.202011040924/tools/bin/../lib/gcc/arm-none-eabi/7.3.1/thumb/v7e-m/fpv4-sp/hard/crti.o
                0x000000000800a940                _fini
 .fini          0x000000000800a944        0x8 /opt/st/stm32cubeide_1.3.0/plugins/com.st.stm32cube.ide.mcu.externaltools.gnu-tools-for-stm32.7-2018-q2-update.linux64_1.5.0.202011040924/tools/bin/../lib/gcc/arm-none-eabi/7.3.1/thumb/v7e-m/fpv4-sp/hard/crtn.o
                0x000000000800a94c                . = ALIGN (0x4)
                0x000000000800a94c                _etext = .

.vfp11_veneer   0x000000000800a94c        0x0
 .vfp11_veneer  0x000000000800a94c        0x0 linker stubs

.v4_bx          0x000000000800a94c        0x0
 .v4_bx         0x000000000800a94c        0x0 linker stubs

.iplt           0x000000000800a94c        0x0
 .iplt          0x000000000800a94c        0x0 /opt/st/stm32cubeide_1.3.0/plugins/com.st.stm32cube.ide.mcu.externaltools.gnu-tools-for-stm32.7-2018-q2-update.linux64_1.5.0.202011040924/tools/bin/../lib/gcc/arm-none-eabi/7.3.1/thumb/v7e-m/fpv4-sp/hard/crtbegin.o

.rodata         0x000000000800a950      0xa40
                0x000000000800a950                . = ALIGN (0x4)
 *(.rodata)
 *(.rodata*)
 .rodata.main.str1.4
                0x000000000800a950      0x101 Core/Src/main.o
                                        0x105 (size before relaxing)
 *fill*         0x000000000800aa51        0x3 
 .rodata.run1   0x000000000800aa54      0x1f8 Core/Src/main.o
 .rodata.AHBPrescTable
                0x000000000800ac4c       0x10 Core/Src/system_stm32f4xx.o
                0x000000000800ac4c                AHBPrescTable
 .rodata.APBPrescTable
                0x000000000800ac5c        0x8 Core/Src/system_stm32f4xx.o
                0x000000000800ac5c                APBPrescTable
 .rodata.SD_Driver
                0x000000000800ac64       0x14 FATFS/Target/sd_diskio.o
                0x000000000800ac64                SD_Driver
 .rodata.ExCvt  0x000000000800ac78       0x80 Middlewares/Third_Party/FatFs/src/ff.o
 .rodata.LfnOfs
                0x000000000800acf8        0xd Middlewares/Third_Party/FatFs/src/ff.o
 *fill*         0x000000000800ad05        0x3 
 .rodata.follow_path.str1.4
                0x000000000800ad08       0x14 Middlewares/Third_Party/FatFs/src/ff.o
                                         0x13 (size before relaxing)
 .rodata.Tbl    0x000000000800ad1c      0x100 Middlewares/Third_Party/FatFs/src/option/ccsbcs.o
 .rodata.cvt1.9535
                0x000000000800ae1c      0x1f2 Middlewares/Third_Party/FatFs/src/option/ccsbcs.o
 *fill*         0x000000000800b00e        0x2 
 .rodata.cvt2.9536
                0x000000000800b010       0xbc Middlewares/Third_Party/FatFs/src/option/ccsbcs.o
 .rodata._global_impure_ptr
                0x000000000800b0cc        0x4 /opt/st/stm32cubeide_1.3.0/plugins/com.st.stm32cube.ide.mcu.externaltools.gnu-tools-for-stm32.7-2018-q2-update.linux64_1.5.0.202011040924/tools/bin/../lib/gcc/arm-none-eabi/7.3.1/../../../../arm-none-eabi/lib/thumb/v7e-m/fpv4-sp/hard/libc_nano.a(lib_a-impure.o)
                0x000000000800b0cc                _global_impure_ptr
 .rodata._printf_float.str1.1
                0x000000000800b0d0       0x12 /opt/st/stm32cubeide_1.3.0/plugins/com.st.stm32cube.ide.mcu.externaltools.gnu-tools-for-stm32.7-2018-q2-update.linux64_1.5.0.202011040924/tools/bin/../lib/gcc/arm-none-eabi/7.3.1/../../../../arm-none-eabi/lib/thumb/v7e-m/fpv4-sp/hard/libc_nano.a(lib_a-nano-vfprintf_float.o)
 .rodata._printf_i.str1.1
                0x000000000800b0e2       0x22 /opt/st/stm32cubeide_1.3.0/plugins/com.st.stm32cube.ide.mcu.externaltools.gnu-tools-for-stm32.7-2018-q2-update.linux64_1.5.0.202011040924/tools/bin/../lib/gcc/arm-none-eabi/7.3.1/../../../../arm-none-eabi/lib/thumb/v7e-m/fpv4-sp/hard/libc_nano.a(lib_a-nano-vfprintf_i.o)
 .rodata._dtoa_r.str1.1
                0x000000000800b104        0xd /opt/st/stm32cubeide_1.3.0/plugins/com.st.stm32cube.ide.mcu.externaltools.gnu-tools-for-stm32.7-2018-q2-update.linux64_1.5.0.202011040924/tools/bin/../lib/gcc/arm-none-eabi/7.3.1/../../../../arm-none-eabi/lib/thumb/v7e-m/fpv4-sp/hard/libc_nano.a(lib_a-dtoa.o)
                                          0xf (size before relaxing)
 *fill*         0x000000000800b111        0x3 
 .rodata.__sf_fake_stderr
                0x000000000800b114       0x20 /opt/st/stm32cubeide_1.3.0/plugins/com.st.stm32cube.ide.mcu.externaltools.gnu-tools-for-stm32.7-2018-q2-update.linux64_1.5.0.202011040924/tools/bin/../lib/gcc/arm-none-eabi/7.3.1/../../../../arm-none-eabi/lib/thumb/v7e-m/fpv4-sp/hard/libc_nano.a(lib_a-findfp.o)
                0x000000000800b114                __sf_fake_stderr
 .rodata.__sf_fake_stdin
                0x000000000800b134       0x20 /opt/st/stm32cubeide_1.3.0/plugins/com.st.stm32cube.ide.mcu.externaltools.gnu-tools-for-stm32.7-2018-q2-update.linux64_1.5.0.202011040924/tools/bin/../lib/gcc/arm-none-eabi/7.3.1/../../../../arm-none-eabi/lib/thumb/v7e-m/fpv4-sp/hard/libc_nano.a(lib_a-findfp.o)
                0x000000000800b134                __sf_fake_stdin
 .rodata.__sf_fake_stdout
                0x000000000800b154       0x20 /opt/st/stm32cubeide_1.3.0/plugins/com.st.stm32cube.ide.mcu.externaltools.gnu-tools-for-stm32.7-2018-q2-update.linux64_1.5.0.202011040924/tools/bin/../lib/gcc/arm-none-eabi/7.3.1/../../../../arm-none-eabi/lib/thumb/v7e-m/fpv4-sp/hard/libc_nano.a(lib_a-findfp.o)
                0x000000000800b154                __sf_fake_stdout
 *fill*         0x000000000800b174        0x4 
 .rodata.__mprec_bigtens
                0x000000000800b178       0x28 /opt/st/stm32cubeide_1.3.0/plugins/com.st.stm32cube.ide.mcu.externaltools.gnu-tools-for-stm32.7-2018-q2-update.linux64_1.5.0.202011040924/tools/bin/../lib/gcc/arm-none-eabi/7.3.1/../../../../arm-none-eabi/lib/thumb/v7e-m/fpv4-sp/hard/libc_nano.a(lib_a-mprec.o)
                0x000000000800b178                __mprec_bigtens
 .rodata.__mprec_tens
                0x000000000800b1a0       0xc8 /opt/st/stm32cubeide_1.3.0/plugins/com.st.stm32cube.ide.mcu.externaltools.gnu-tools-for-stm32.7-2018-q2-update.linux64_1.5.0.202011040924/tools/bin/../lib/gcc/arm-none-eabi/7.3.1/../../../../arm-none-eabi/lib/thumb/v7e-m/fpv4-sp/hard/libc_nano.a(lib_a-mprec.o)
                0x000000000800b1a0                __mprec_tens
 .rodata.p05.7359
                0x000000000800b268        0xc /opt/st/stm32cubeide_1.3.0/plugins/com.st.stm32cube.ide.mcu.externaltools.gnu-tools-for-stm32.7-2018-q2-update.linux64_1.5.0.202011040924/tools/bin/../lib/gcc/arm-none-eabi/7.3.1/../../../../arm-none-eabi/lib/thumb/v7e-m/fpv4-sp/hard/libc_nano.a(lib_a-mprec.o)
 .rodata._vfprintf_r.str1.1
                0x000000000800b274       0x11 /opt/st/stm32cubeide_1.3.0/plugins/com.st.stm32cube.ide.mcu.externaltools.gnu-tools-for-stm32.7-2018-q2-update.linux64_1.5.0.202011040924/tools/bin/../lib/gcc/arm-none-eabi/7.3.1/../../../../arm-none-eabi/lib/thumb/v7e-m/fpv4-sp/hard/libc_nano.a(lib_a-nano-vfprintf.o)
 .rodata._setlocale_r.str1.1
                0x000000000800b285        0x8 /opt/st/stm32cubeide_1.3.0/plugins/com.st.stm32cube.ide.mcu.externaltools.gnu-tools-for-stm32.7-2018-q2-update.linux64_1.5.0.202011040924/tools/bin/../lib/gcc/arm-none-eabi/7.3.1/../../../../arm-none-eabi/lib/thumb/v7e-m/fpv4-sp/hard/libc_nano.a(lib_a-locale.o)
                                          0x9 (size before relaxing)
 .rodata.str1.1
                0x000000000800b28d        0x2 /opt/st/stm32cubeide_1.3.0/plugins/com.st.stm32cube.ide.mcu.externaltools.gnu-tools-for-stm32.7-2018-q2-update.linux64_1.5.0.202011040924/tools/bin/../lib/gcc/arm-none-eabi/7.3.1/../../../../arm-none-eabi/lib/thumb/v7e-m/fpv4-sp/hard/libc_nano.a(lib_a-locale.o)
 .rodata._ctype_
                0x000000000800b28f      0x101 /opt/st/stm32cubeide_1.3.0/plugins/com.st.stm32cube.ide.mcu.externaltools.gnu-tools-for-stm32.7-2018-q2-update.linux64_1.5.0.202011040924/tools/bin/../lib/gcc/arm-none-eabi/7.3.1/../../../../arm-none-eabi/lib/thumb/v7e-m/fpv4-sp/hard/libc_nano.a(lib_a-ctype_.o)
                0x000000000800b28f                _ctype_
                0x000000000800b390                . = ALIGN (0x4)

.ARM.extab      0x000000000800b390        0x0
                0x000000000800b390                . = ALIGN (0x4)
 *(.ARM.extab* .gnu.linkonce.armextab.*)
                0x000000000800b390                . = ALIGN (0x4)

.ARM            0x000000000800b390        0x8
                0x000000000800b390                . = ALIGN (0x4)
                0x000000000800b390                __exidx_start = .
 *(.ARM.exidx*)
 .ARM.exidx     0x000000000800b390        0x8 /opt/st/stm32cubeide_1.3.0/plugins/com.st.stm32cube.ide.mcu.externaltools.gnu-tools-for-stm32.7-2018-q2-update.linux64_1.5.0.202011040924/tools/bin/../lib/gcc/arm-none-eabi/7.3.1/thumb/v7e-m/fpv4-sp/hard/libgcc.a(_udivmoddi4.o)
                0x000000000800b398                __exidx_end = .
                0x000000000800b398                . = ALIGN (0x4)

.rel.dyn        0x000000000800b398        0x0
 .rel.iplt      0x000000000800b398        0x0 /opt/st/stm32cubeide_1.3.0/plugins/com.st.stm32cube.ide.mcu.externaltools.gnu-tools-for-stm32.7-2018-q2-update.linux64_1.5.0.202011040924/tools/bin/../lib/gcc/arm-none-eabi/7.3.1/thumb/v7e-m/fpv4-sp/hard/crtbegin.o

.preinit_array  0x000000000800b398        0x0
                0x000000000800b398                . = ALIGN (0x4)
                0x000000000800b398                PROVIDE (__preinit_array_start = .)
 *(.preinit_array*)
                0x000000000800b398                PROVIDE (__preinit_array_end = .)
                0x000000000800b398                . = ALIGN (0x4)

.init_array     0x000000000800b398        0x4
                0x000000000800b398                . = ALIGN (0x4)
                0x000000000800b398                PROVIDE (__init_array_start = .)
 *(SORT_BY_NAME(.init_array.*))
 *(.init_array*)
 .init_array    0x000000000800b398        0x4 /opt/st/stm32cubeide_1.3.0/plugins/com.st.stm32cube.ide.mcu.externaltools.gnu-tools-for-stm32.7-2018-q2-update.linux64_1.5.0.202011040924/tools/bin/../lib/gcc/arm-none-eabi/7.3.1/thumb/v7e-m/fpv4-sp/hard/crtbegin.o
                0x000000000800b39c                PROVIDE (__init_array_end = .)
                0x000000000800b39c                . = ALIGN (0x4)

.fini_array     0x000000000800b39c        0x4
                0x000000000800b39c                . = ALIGN (0x4)
                [!provide]                        PROVIDE (__fini_array_start = .)
 *(SORT_BY_NAME(.fini_array.*))
 *(.fini_array*)
 .fini_array    0x000000000800b39c        0x4 /opt/st/stm32cubeide_1.3.0/plugins/com.st.stm32cube.ide.mcu.externaltools.gnu-tools-for-stm32.7-2018-q2-update.linux64_1.5.0.202011040924/tools/bin/../lib/gcc/arm-none-eabi/7.3.1/thumb/v7e-m/fpv4-sp/hard/crtbegin.o
                [!provide]                        PROVIDE (__fini_array_end = .)
                0x000000000800b3a0                . = ALIGN (0x4)
                0x000000000800b3a0                _sidata = LOADADDR (.data)

.data           0x0000000020000000      0x1e4 load address 0x000000000800b3a0
                0x0000000020000000                . = ALIGN (0x4)
                0x0000000020000000                _sdata = .
 *(.data)
 *(.data*)
 .data.buffersize
                0x0000000020000000        0x2 Core/Src/main.o
                0x0000000020000000                buffersize
 *fill*         0x0000000020000002        0x2 
 .data.SystemCoreClock
                0x0000000020000004        0x4 Core/Src/system_stm32f4xx.o
                0x0000000020000004                SystemCoreClock
 .data.uwTickFreq
                0x0000000020000008        0x1 Drivers/STM32F4xx_HAL_Driver/Src/stm32f4xx_hal.o
                0x0000000020000008                uwTickFreq
 *fill*         0x0000000020000009        0x3 
 .data.uwTickPrio
                0x000000002000000c        0x4 Drivers/STM32F4xx_HAL_Driver/Src/stm32f4xx_hal.o
                0x000000002000000c                uwTickPrio
 .data.Stat     0x0000000020000010        0x1 FATFS/Target/sd_diskio.o
 *fill*         0x0000000020000011        0x3 
 .data._impure_ptr
                0x0000000020000014        0x4 /opt/st/stm32cubeide_1.3.0/plugins/com.st.stm32cube.ide.mcu.externaltools.gnu-tools-for-stm32.7-2018-q2-update.linux64_1.5.0.202011040924/tools/bin/../lib/gcc/arm-none-eabi/7.3.1/../../../../arm-none-eabi/lib/thumb/v7e-m/fpv4-sp/hard/libc_nano.a(lib_a-impure.o)
                0x0000000020000014                _impure_ptr
 .data.impure_data
                0x0000000020000018       0x60 /opt/st/stm32cubeide_1.3.0/plugins/com.st.stm32cube.ide.mcu.externaltools.gnu-tools-for-stm32.7-2018-q2-update.linux64_1.5.0.202011040924/tools/bin/../lib/gcc/arm-none-eabi/7.3.1/../../../../arm-none-eabi/lib/thumb/v7e-m/fpv4-sp/hard/libc_nano.a(lib_a-impure.o)
 .data.__global_locale
                0x0000000020000078      0x16c /opt/st/stm32cubeide_1.3.0/plugins/com.st.stm32cube.ide.mcu.externaltools.gnu-tools-for-stm32.7-2018-q2-update.linux64_1.5.0.202011040924/tools/bin/../lib/gcc/arm-none-eabi/7.3.1/../../../../arm-none-eabi/lib/thumb/v7e-m/fpv4-sp/hard/libc_nano.a(lib_a-locale.o)
                0x0000000020000078                __global_locale
 *(.RamFunc)
 *(.RamFunc*)
                0x00000000200001e4                . = ALIGN (0x4)
                0x00000000200001e4                _edata = .

.igot.plt       0x00000000200001e4        0x0 load address 0x000000000800b584
 .igot.plt      0x00000000200001e4        0x0 /opt/st/stm32cubeide_1.3.0/plugins/com.st.stm32cube.ide.mcu.externaltools.gnu-tools-for-stm32.7-2018-q2-update.linux64_1.5.0.202011040924/tools/bin/../lib/gcc/arm-none-eabi/7.3.1/thumb/v7e-m/fpv4-sp/hard/crtbegin.o
                0x00000000200001e4                . = ALIGN (0x4)

.bss            0x00000000200001e4      0x884 load address 0x000000000800b584
                0x00000000200001e4                _sbss = .
                0x00000000200001e4                __bss_start__ = _sbss
 *(.bss)
 .bss           0x00000000200001e4       0x1c /opt/st/stm32cubeide_1.3.0/plugins/com.st.stm32cube.ide.mcu.externaltools.gnu-tools-for-stm32.7-2018-q2-update.linux64_1.5.0.202011040924/tools/bin/../lib/gcc/arm-none-eabi/7.3.1/thumb/v7e-m/fpv4-sp/hard/crtbegin.o
 *(.bss*)
 .bss.__sbrk_heap_end
                0x0000000020000200        0x4 Core/Src/sysmem.o
 .bss.FatFs     0x0000000020000204        0x4 Middlewares/Third_Party/FatFs/src/ff.o
 .bss.Files     0x0000000020000208       0x20 Middlewares/Third_Party/FatFs/src/ff.o
 .bss.Fsid      0x0000000020000228        0x2 Middlewares/Third_Party/FatFs/src/ff.o
 *fill*         0x000000002000022a        0x2 
 .bss.LfnBuf    0x000000002000022c      0x200 Middlewares/Third_Party/FatFs/src/ff.o
 .bss.disk      0x000000002000042c        0xc Middlewares/Third_Party/FatFs/src/ff_gen_drv.o
                0x000000002000042c                disk
 .bss.__malloc_free_list
                0x0000000020000438        0x4 /opt/st/stm32cubeide_1.3.0/plugins/com.st.stm32cube.ide.mcu.externaltools.gnu-tools-for-stm32.7-2018-q2-update.linux64_1.5.0.202011040924/tools/bin/../lib/gcc/arm-none-eabi/7.3.1/../../../../arm-none-eabi/lib/thumb/v7e-m/fpv4-sp/hard/libc_nano.a(lib_a-nano-mallocr.o)
                0x0000000020000438                __malloc_free_list
 .bss.__malloc_sbrk_start
                0x000000002000043c        0x4 /opt/st/stm32cubeide_1.3.0/plugins/com.st.stm32cube.ide.mcu.externaltools.gnu-tools-for-stm32.7-2018-q2-update.linux64_1.5.0.202011040924/tools/bin/../lib/gcc/arm-none-eabi/7.3.1/../../../../arm-none-eabi/lib/thumb/v7e-m/fpv4-sp/hard/libc_nano.a(lib_a-nano-mallocr.o)
                0x000000002000043c                __malloc_sbrk_start
 *(COMMON)
 COMMON         0x0000000020000440      0x1b0 Core/Src/main.o
                0x0000000020000440                huart3
                0x0000000020000480                htim5
                0x00000000200004c0                hdac
                0x00000000200004d4                hspi4
                0x000000002000052c                hsd
                0x00000000200005b0                htim2
 COMMON         0x00000000200005f0        0x4 Drivers/STM32F4xx_HAL_Driver/Src/stm32f4xx_hal.o
                0x00000000200005f0                uwTick
 COMMON         0x00000000200005f4      0x470 FATFS/App/fatfs.o
                0x00000000200005f4                retSD
                0x00000000200005f8                SDPath
                0x00000000200005fc                SDFile
                0x000000002000082c                SDFatFS
 COMMON         0x0000000020000a64        0x4 /opt/st/stm32cubeide_1.3.0/plugins/com.st.stm32cube.ide.mcu.externaltools.gnu-tools-for-stm32.7-2018-q2-update.linux64_1.5.0.202011040924/tools/bin/../lib/gcc/arm-none-eabi/7.3.1/../../../../arm-none-eabi/lib/thumb/v7e-m/fpv4-sp/hard/libc_nano.a(lib_a-reent.o)
                0x0000000020000a64                errno
                0x0000000020000a68                . = ALIGN (0x4)
                0x0000000020000a68                _ebss = .
                0x0000000020000a68                __bss_end__ = _ebss

._user_heap_stack
                0x0000000020000a68      0x600 load address 0x000000000800b584
                0x0000000020000a68                . = ALIGN (0x8)
                [!provide]                        PROVIDE (end = .)
                0x0000000020000a68                PROVIDE (_end = .)
                0x0000000020000c68                . = (. + _Min_Heap_Size)
 *fill*         0x0000000020000a68      0x200 
                0x0000000020001068                . = (. + _Min_Stack_Size)
 *fill*         0x0000000020000c68      0x400 
                0x0000000020001068                . = ALIGN (0x8)

/DISCARD/
 libc.a(*)
 libm.a(*)
 libgcc.a(*)

.ARM.attributes
                0x0000000000000000       0x30
 *(.ARM.attributes)
 .ARM.attributes
                0x0000000000000000       0x22 /opt/st/stm32cubeide_1.3.0/plugins/com.st.stm32cube.ide.mcu.externaltools.gnu-tools-for-stm32.7-2018-q2-update.linux64_1.5.0.202011040924/tools/bin/../lib/gcc/arm-none-eabi/7.3.1/thumb/v7e-m/fpv4-sp/hard/crti.o
 .ARM.attributes
                0x0000000000000022       0x34 /opt/st/stm32cubeide_1.3.0/plugins/com.st.stm32cube.ide.mcu.externaltools.gnu-tools-for-stm32.7-2018-q2-update.linux64_1.5.0.202011040924/tools/bin/../lib/gcc/arm-none-eabi/7.3.1/thumb/v7e-m/fpv4-sp/hard/crtbegin.o
 .ARM.attributes
                0x0000000000000056       0x39 Core/Src/lcd_funcs.o
 .ARM.attributes
                0x000000000000008f       0x39 Core/Src/main.o
 .ARM.attributes
                0x00000000000000c8       0x39 Core/Src/stm32f4xx_hal_msp.o
 .ARM.attributes
                0x0000000000000101       0x39 Core/Src/stm32f4xx_it.o
 .ARM.attributes
                0x000000000000013a       0x39 Core/Src/syscalls.o
 .ARM.attributes
                0x0000000000000173       0x39 Core/Src/sysmem.o
 .ARM.attributes
                0x00000000000001ac       0x39 Core/Src/system_stm32f4xx.o
 .ARM.attributes
                0x00000000000001e5       0x21 Core/Startup/startup_stm32f429zitx.o
 .ARM.attributes
                0x0000000000000206       0x39 Drivers/STM32F4xx_HAL_Driver/Src/stm32f4xx_hal.o
 .ARM.attributes
                0x000000000000023f       0x39 Drivers/STM32F4xx_HAL_Driver/Src/stm32f4xx_hal_cortex.o
 .ARM.attributes
                0x0000000000000278       0x39 Drivers/STM32F4xx_HAL_Driver/Src/stm32f4xx_hal_dac.o
 .ARM.attributes
                0x00000000000002b1       0x39 Drivers/STM32F4xx_HAL_Driver/Src/stm32f4xx_hal_dma.o
 .ARM.attributes
                0x00000000000002ea       0x39 Drivers/STM32F4xx_HAL_Driver/Src/stm32f4xx_hal_gpio.o
 .ARM.attributes
                0x0000000000000323       0x39 Drivers/STM32F4xx_HAL_Driver/Src/stm32f4xx_hal_pwr_ex.o
 .ARM.attributes
                0x000000000000035c       0x39 Drivers/STM32F4xx_HAL_Driver/Src/stm32f4xx_hal_rcc.o
 .ARM.attributes
                0x0000000000000395       0x39 Drivers/STM32F4xx_HAL_Driver/Src/stm32f4xx_hal_sd.o
 .ARM.attributes
                0x00000000000003ce       0x39 Drivers/STM32F4xx_HAL_Driver/Src/stm32f4xx_hal_spi.o
 .ARM.attributes
                0x0000000000000407       0x39 Drivers/STM32F4xx_HAL_Driver/Src/stm32f4xx_hal_tim.o
 .ARM.attributes
                0x0000000000000440       0x39 Drivers/STM32F4xx_HAL_Driver/Src/stm32f4xx_hal_tim_ex.o
 .ARM.attributes
                0x0000000000000479       0x39 Drivers/STM32F4xx_HAL_Driver/Src/stm32f4xx_hal_uart.o
 .ARM.attributes
                0x00000000000004b2       0x39 Drivers/STM32F4xx_HAL_Driver/Src/stm32f4xx_ll_sdmmc.o
 .ARM.attributes
                0x00000000000004eb       0x39 FATFS/App/fatfs.o
 .ARM.attributes
                0x0000000000000524       0x39 FATFS/Target/bsp_driver_sd.o
 .ARM.attributes
                0x000000000000055d       0x39 FATFS/Target/sd_diskio.o
 .ARM.attributes
                0x0000000000000596       0x39 Middlewares/Third_Party/FatFs/src/diskio.o
 .ARM.attributes
                0x00000000000005cf       0x39 Middlewares/Third_Party/FatFs/src/ff.o
 .ARM.attributes
                0x0000000000000608       0x39 Middlewares/Third_Party/FatFs/src/ff_gen_drv.o
 .ARM.attributes
                0x0000000000000641       0x39 Middlewares/Third_Party/FatFs/src/option/ccsbcs.o
 .ARM.attributes
                0x000000000000067a       0x34 /opt/st/stm32cubeide_1.3.0/plugins/com.st.stm32cube.ide.mcu.externaltools.gnu-tools-for-stm32.7-2018-q2-update.linux64_1.5.0.202011040924/tools/bin/../lib/gcc/arm-none-eabi/7.3.1/../../../../arm-none-eabi/lib/thumb/v7e-m/fpv4-sp/hard/libc_nano.a(lib_a-errno.o)
 .ARM.attributes
                0x00000000000006ae       0x34 /opt/st/stm32cubeide_1.3.0/plugins/com.st.stm32cube.ide.mcu.externaltools.gnu-tools-for-stm32.7-2018-q2-update.linux64_1.5.0.202011040924/tools/bin/../lib/gcc/arm-none-eabi/7.3.1/../../../../arm-none-eabi/lib/thumb/v7e-m/fpv4-sp/hard/libc_nano.a(lib_a-impure.o)
 .ARM.attributes
                0x00000000000006e2       0x34 /opt/st/stm32cubeide_1.3.0/plugins/com.st.stm32cube.ide.mcu.externaltools.gnu-tools-for-stm32.7-2018-q2-update.linux64_1.5.0.202011040924/tools/bin/../lib/gcc/arm-none-eabi/7.3.1/../../../../arm-none-eabi/lib/thumb/v7e-m/fpv4-sp/hard/libc_nano.a(lib_a-init.o)
 .ARM.attributes
                0x0000000000000716       0x34 /opt/st/stm32cubeide_1.3.0/plugins/com.st.stm32cube.ide.mcu.externaltools.gnu-tools-for-stm32.7-2018-q2-update.linux64_1.5.0.202011040924/tools/bin/../lib/gcc/arm-none-eabi/7.3.1/../../../../arm-none-eabi/lib/thumb/v7e-m/fpv4-sp/hard/libc_nano.a(lib_a-memset.o)
 .ARM.attributes
                0x000000000000074a       0x34 /opt/st/stm32cubeide_1.3.0/plugins/com.st.stm32cube.ide.mcu.externaltools.gnu-tools-for-stm32.7-2018-q2-update.linux64_1.5.0.202011040924/tools/bin/../lib/gcc/arm-none-eabi/7.3.1/../../../../arm-none-eabi/lib/thumb/v7e-m/fpv4-sp/hard/libc_nano.a(lib_a-nano-vfprintf_float.o)
 .ARM.attributes
                0x000000000000077e       0x34 /opt/st/stm32cubeide_1.3.0/plugins/com.st.stm32cube.ide.mcu.externaltools.gnu-tools-for-stm32.7-2018-q2-update.linux64_1.5.0.202011040924/tools/bin/../lib/gcc/arm-none-eabi/7.3.1/../../../../arm-none-eabi/lib/thumb/v7e-m/fpv4-sp/hard/libc_nano.a(lib_a-nano-vfprintf_i.o)
 .ARM.attributes
                0x00000000000007b2       0x34 /opt/st/stm32cubeide_1.3.0/plugins/com.st.stm32cube.ide.mcu.externaltools.gnu-tools-for-stm32.7-2018-q2-update.linux64_1.5.0.202011040924/tools/bin/../lib/gcc/arm-none-eabi/7.3.1/../../../../arm-none-eabi/lib/thumb/v7e-m/fpv4-sp/hard/libc_nano.a(lib_a-printf.o)
 .ARM.attributes
                0x00000000000007e6       0x34 /opt/st/stm32cubeide_1.3.0/plugins/com.st.stm32cube.ide.mcu.externaltools.gnu-tools-for-stm32.7-2018-q2-update.linux64_1.5.0.202011040924/tools/bin/../lib/gcc/arm-none-eabi/7.3.1/../../../../arm-none-eabi/lib/thumb/v7e-m/fpv4-sp/hard/libc_nano.a(lib_a-puts.o)
 .ARM.attributes
                0x000000000000081a       0x1b /opt/st/stm32cubeide_1.3.0/plugins/com.st.stm32cube.ide.mcu.externaltools.gnu-tools-for-stm32.7-2018-q2-update.linux64_1.5.0.202011040924/tools/bin/../lib/gcc/arm-none-eabi/7.3.1/../../../../arm-none-eabi/lib/thumb/v7e-m/fpv4-sp/hard/libc_nano.a(lib_a-strlen.o)
 .ARM.attributes
                0x0000000000000835       0x34 /opt/st/stm32cubeide_1.3.0/plugins/com.st.stm32cube.ide.mcu.externaltools.gnu-tools-for-stm32.7-2018-q2-update.linux64_1.5.0.202011040924/tools/bin/../lib/gcc/arm-none-eabi/7.3.1/../../../../arm-none-eabi/lib/thumb/v7e-m/fpv4-sp/hard/libc_nano.a(lib_a-wbuf.o)
 .ARM.attributes